******************************************************************************
                  TI ARM Linker PC v18.12.1                    
******************************************************************************
>> Linked Sun Feb 16 00:28:48 2020

OUTPUT FILE NAME:   <bc_magnet_sensor_04_2020-02-15.out>
ENTRY POINT SYMBOL: "_c_int00_noargs"  address: 000013bd


MEMORY CONFIGURATION

         name            origin    length      used     unused   attr    fill
----------------------  --------  ---------  --------  --------  ----  --------
  FLASH                 00000000   00100000  00001bb6  000fe44a  R  X
  SRAM                  20000000   00040000  000056dc  0003a924  RW X


SEGMENT ALLOCATION MAP

run origin  load origin   length   init length attrs members
----------  ----------- ---------- ----------- ----- -------
00000000    00000000    00001bb8   00001bb8    r-x
  00000000    00000000    00000208   00000208    r-- .intvecs
  00000208    00000208    0000145e   0000145e    r-x .text
  00001668    00001668    00000510   00000510    r-- .const
  00001b78    00001b78    00000040   00000040    r-- .cinit
20000000    20000000    000056e0   00000000    rw-
  20000000    20000000    0000026c   00000000    rw- .vtable
  20000270    20000270    00004e20   00000000    rw- .stack
  20005090    20005090    00000648   00000000    rw- .bss
  200056d8    200056d8    00000008   00000000    rw- .data


SECTION ALLOCATION MAP

 output                                  attributes/
section   page    origin      length       input sections
--------  ----  ----------  ----------   ----------------
.intvecs   0    00000000    00000208     
                  00000000    00000208     tm4c1294ncpdt_startup_ccs.obj (.intvecs)

.text      0    00000208    0000145e     
                  00000208    000004e0     functions.obj (.text)
                  000006e8    00000270     configuration.obj (.text)
                  00000958    00000200     driverlib.lib : sysctl.obj (.text:SysCtlClockFreqSet)
                  00000b58    000001a0     Interrupt_handler.obj (.text)
                  00000cf8    00000132     driverlib.lib : gpio.obj (.text:GPIOPadConfigSet)
                  00000e2a    0000009c     rtsv7M4_T_le_v4SPD16_eabi.lib : memcpy_t2.asm.obj (.text)
                  00000ec6    0000007a     driverlib.lib : adc.obj (.text:ADCSequenceStepConfigure)
                  00000f40    0000007a     rtsv7M4_T_le_v4SPD16_eabi.lib : memset_t2.asm.obj (.text)
                  00000fba    00000002     --HOLE-- [fill = 0]
                  00000fbc    00000068     driverlib.lib : interrupt.obj (.text:IntEnable)
                  00001024    00000068     rtsv7M4_T_le_v4SPD16_eabi.lib : copy_decompress_lzss.c.obj (.text:decompress:lzss:__TI_decompress_lzss)
                  0000108c    00000060     driverlib.lib : timer.obj (.text:TimerConfigure)
                  000010ec    00000050                   : adc.obj (.text:ADCSequenceConfigure)
                  0000113c    0000004c                   : timer.obj (.text:_TimerIntNumberGet)
                  00001188    00000048                   : gpio.obj (.text:GPIOPinConfigure)
                  000011d0    00000048                   : sysctl.obj (.text:_SysCtlFrequencyGet)
                  00001218    00000046                   : uart.obj (.text:UARTConfigSetExpClk)
                  0000125e    00000002     --HOLE-- [fill = 0]
                  00001260    00000044     rtsv7M4_T_le_v4SPD16_eabi.lib : autoinit.c.obj (.text:__TI_auto_init_nobinit_nopinit:__TI_auto_init_nobinit_nopinit)
                  000012a4    00000040     driverlib.lib : uart.obj (.text:_UARTIntNumberGet)
                  000012e4    00000038                   : sysctl.obj (.text:SysCtlPeripheralReady)
                  0000131c    00000038     main_04.obj (.text)
                  00001354    00000034     driverlib.lib : interrupt.obj (.text:IntRegister)
                  00001388    00000034                   : sysctl.obj (.text:SysCtlPeripheralEnable)
                  000013bc    00000034     rtsv7M4_T_le_v4SPD16_eabi.lib : boot_cortex_m.c.obj (.text:_c_int00_noargs:_c_int00_noargs)
                  000013f0    0000002e     driverlib.lib : adc.obj (.text:ADCIntStatus)
                  0000141e    0000002a                   : gpio.obj (.text:GPIODirModeSet)
                  00001448    00000024                   : interrupt.obj (.text:IntPrioritySet)
                  0000146c    00000020                   : uart.obj (.text:UARTDisable)
                  0000148c    00000020                   : sysctl.obj (.text:_SysCtlMemTimingGet)
                  000014ac    0000001e                   : adc.obj (.text:ADCSequenceDataGet)
                  000014ca    00000018                   : adc.obj (.text:ADCProcessorTrigger)
                  000014e2    00000018                   : gpio.obj (.text:GPIOPinTypeGPIOOutput)
                  000014fa    00000002     --HOLE-- [fill = 0]
                  000014fc    00000018                   : timer.obj (.text:TimerDisable)
                  00001514    00000018                   : timer.obj (.text:TimerIntRegister)
                  0000152c    00000018                   : uart.obj (.text:UARTIntRegister)
                  00001544    00000014                   : uart.obj (.text:UARTEnable)
                  00001558    00000012                   : gpio.obj (.text:GPIOPinTypeUART)
                  0000156a    00000012                   : timer.obj (.text:TimerLoadSet)
                  0000157c    00000010                   : interrupt.obj (.text:IntMasterEnable)
                  0000158c    0000000e                   : adc.obj (.text:ADCSequenceEnable)
                  0000159a    0000000e                   : timer.obj (.text:TimerEnable)
                  000015a8    0000000e                   : uart.obj (.text:UARTCharPutNonBlocking)
                  000015b6    0000000e                   : uart.obj (.text:UARTCharsAvail)
                  000015c4    0000000e     rtsv7M4_T_le_v4SPD16_eabi.lib : copy_decompress_none.c.obj (.text:decompress:none:__TI_decompress_none)
                  000015d2    0000000c     driverlib.lib : cpu.obj (.text:CPUcpsie)
                  000015de    0000000c                   : uart.obj (.text:UARTTxIntModeSet)
                  000015ea    0000000c     rtsv7M4_T_le_v4SPD16_eabi.lib : copy_zero_init.c.obj (.text:decompress:ZI:__TI_zero_init)
                  000015f6    0000000c     tm4c1294ncpdt_startup_ccs.obj (.text)
                  00001602    0000000a     driverlib.lib : adc.obj (.text:ADCIntClear)
                  0000160c    0000000a                   : uart.obj (.text:UARTCharGet)
                  00001616    0000000a                   : uart.obj (.text:UARTFIFODisable)
                  00001620    0000000a                   : uart.obj (.text:UARTFIFOEnable)
                  0000162a    0000000a                   : uart.obj (.text:UARTIntStatus)
                  00001634    00000008                   : timer.obj (.text:TimerIntEnable)
                  0000163c    00000008                   : uart.obj (.text:UARTIntEnable)
                  00001644    00000006                   : gpio.obj (.text:GPIOPinWrite)
                  0000164a    00000006                   : sysctl.obj (.text:SysCtlDelay)
                  00001650    00000006                   : uart.obj (.text:UARTFIFOLevelSet)
                  00001656    00000004                   : timer.obj (.text:TimerIntClear)
                  0000165a    00000004                   : uart.obj (.text:UARTIntClear)
                  0000165e    00000004     rtsv7M4_T_le_v4SPD16_eabi.lib : pre_init.c.obj (.text:_system_pre_init)
                  00001662    00000004                                   : exit.c.obj (.text:abort:abort)

.const     0    00001668    00000510     
                  00001668    000001b0     driverlib.lib : sysctl.obj (.const:g_pppui32XTALtoVCO)
                  00001818    0000009c                   : interrupt.obj (.const:g_pui32Regs)
                  000018b4    00000090                   : gpio.obj (.const:g_pui32GPIOBaseAddrs)
                  00001944    00000070                   : interrupt.obj (.const)
                  000019b4    0000006c                   : sysctl.obj (.const:g_pui32Xtals)
                  00001a20    00000060                   : timer.obj (.const:g_ppui32TimerIntMap)
                  00001a80    00000040                   : timer.obj (.const:g_ppui32TimerIntMapSnowflake)
                  00001ac0    00000040                   : uart.obj (.const:g_ppui32UARTIntMap)
                  00001b00    00000040                   : uart.obj (.const:g_ppui32UARTIntMapSnowflake)
                  00001b40    00000030                   : sysctl.obj (.const:g_sXTALtoMEMTIM)
                  00001b70    00000008                   : sysctl.obj (.const)

.cinit     0    00001b78    00000040     
                  00001b78    0000000c     (__TI_handler_table)
                  00001b84    00000004     --HOLE-- [fill = 0]
                  00001b88    00000008     (.cinit..bss.load) [load image, compression = zero_init]
                  00001b90    00000008     (.cinit..vtable.load) [load image, compression = zero_init]
                  00001b98    00000007     (.cinit..data.load) [load image, compression = lzss]
                  00001b9f    00000001     --HOLE-- [fill = 0]
                  00001ba0    00000018     (__TI_cinit_table)

.init_array 
*          0    00000000    00000000     UNINITIALIZED

.vtable    0    20000000    0000026c     UNINITIALIZED
                  20000000    0000026c     driverlib.lib : interrupt.obj (.vtable)

.bss       0    20005090    00000648     UNINITIALIZED
                  20005090    00000100     (.common:CosResults)
                  20005190    00000100     (.common:SinResults)
                  20005290    00000080     (.common:CosOffset)
                  20005310    00000080     (.common:DiffCosResults)
                  20005390    00000080     (.common:DiffSinResults)
                  20005410    00000080     (.common:SinOffset)
                  20005490    00000080     (.common:negCosResults)
                  20005510    00000080     (.common:negSinResults)
                  20005590    00000080     (.common:posCosResults)
                  20005610    00000080     (.common:posSinResults)
                  20005690    00000020     (.common:ADCValues_SS0)
                  200056b0    00000010     (.common:ADCValues_SS1)
                  200056c0    00000010     (.common:ADCValues_SS2)
                  200056d0    00000004     (.common:SysClock)
                  200056d4    00000004     (.common:ucPtr)

.data      0    200056d8    00000008     UNINITIALIZED
                  200056d8    00000008     Interrupt_handler.obj (.data)

.stack     0    20000270    00004e20     UNINITIALIZED
                  20000270    00000004     rtsv7M4_T_le_v4SPD16_eabi.lib : boot_cortex_m.c.obj (.stack)
                  20000274    00004e1c     --HOLE--

MODULE SUMMARY

       Module                          code   ro data   rw data
       ------                          ----   -------   -------
    .\
       functions.obj                   1248   0         1600   
       configuration.obj               624    0         0      
       tm4c1294ncpdt_startup_ccs.obj   12     520       0      
       Interrupt_handler.obj           416    0         12     
       main_04.obj                     56     0         4      
    +--+-------------------------------+------+---------+---------+
       Total:                          2356   520       1616   
                                                               
    C:/ccs901/TivaWare_C_Series-2.1.4.178/driverlib/ccs/Debug/driverlib.lib
       sysctl.obj                      730    596       0      
       interrupt.obj                   208    268       620    
       gpio.obj                        468    144       0      
       uart.obj                        308    128       0      
       timer.obj                       264    160       0      
       adc.obj                         326    0         0      
       cpu.obj                         12     0         0      
    +--+-------------------------------+------+---------+---------+
       Total:                          2316   1296      620    
                                                               
    C:\ccs901\ccs\tools\compiler\ti-cgt-arm_18.12.1.LTS\lib\rtsv7M4_T_le_v4SPD16_eabi.lib
       memcpy_t2.asm.obj               156    0         0      
       memset_t2.asm.obj               122    0         0      
       copy_decompress_lzss.c.obj      104    0         0      
       autoinit.c.obj                  68     0         0      
       boot_cortex_m.c.obj             52     0         0      
       copy_decompress_none.c.obj      14     0         0      
       copy_zero_init.c.obj            12     0         0      
       exit.c.obj                      4      0         0      
       pre_init.c.obj                  4      0         0      
    +--+-------------------------------+------+---------+---------+
       Total:                          536    0         0      
                                                               
       Stack:                          0      0         20000  
       Linker Generated:               0      59        0      
    +--+-------------------------------+------+---------+---------+
       Grand Total:                    5208   1875      22236  


LINKER GENERATED COPY TABLES

__TI_cinit_table @ 00001ba0 records: 3, size/record: 8, table size: 24
	.bss: load addr=00001b88, load size=00000008 bytes, run addr=20005090, run size=00000648 bytes, compression=zero_init
	.vtable: load addr=00001b90, load size=00000008 bytes, run addr=20000000, run size=0000026c bytes, compression=zero_init
	.data: load addr=00001b98, load size=00000007 bytes, run addr=200056d8, run size=00000008 bytes, compression=lzss


LINKER GENERATED HANDLER TABLE

__TI_handler_table @ 00001b78 records: 3, size/record: 4, table size: 12
	index: 0, handler: __TI_zero_init
	index: 1, handler: __TI_decompress_lzss
	index: 2, handler: __TI_decompress_none


GLOBAL SYMBOLS: SORTED ALPHABETICALLY BY Name 

address   name                          
-------   ----                          
00001603  ADCIntClear                   
000013f1  ADCIntStatus                  
000014cb  ADCProcessorTrigger           
000010ed  ADCSequenceConfigure          
000014ad  ADCSequenceDataGet            
0000158d  ADCSequenceEnable             
00000ec7  ADCSequenceStepConfigure      
20005690  ADCValues_SS0                 
200056b0  ADCValues_SS1                 
200056c0  ADCValues_SS2                 
00001663  C$$EXIT                       
000015d3  CPUcpsie                      
00000535  Computations                  
000006e9  ConfigureADC                  
0000087f  ConfigureGPIO                 
000008c9  ConfigureTimer0               
00000811  ConfigureUART                 
20005290  CosOffset                     
20005090  CosResults                    
20005310  DiffCosResults                
20005390  DiffSinResults                
0000141f  GPIODirModeSet                
00000cf9  GPIOPadConfigSet              
00001189  GPIOPinConfigure              
000014e3  GPIOPinTypeGPIOOutput         
00001559  GPIOPinTypeUART               
00001645  GPIOPinWrite                  
0000046b  GetADCValues                  
00000fbd  IntEnable                     
0000157d  IntMasterEnable               
00001449  IntPrioritySet                
00001355  IntRegister                   
0000021b  ReadArray                     
000015f7  ResetISR                      
00000209  SetUpTime                     
20005410  SinOffset                     
20005190  SinResults                    
200056d0  SysClock                      
00000959  SysCtlClockFreqSet            
0000164b  SysCtlDelay                   
00001389  SysCtlPeripheralEnable        
000012e5  SysCtlPeripheralReady         
00000b59  Timer0IntHandler              
0000108d  TimerConfigure                
000014fd  TimerDisable                  
0000159b  TimerEnable                   
00001657  TimerIntClear                 
00001635  TimerIntEnable                
00001515  TimerIntRegister              
0000156b  TimerLoadSet                  
0000160d  UARTCharGet                   
000015a9  UARTCharPutNonBlocking        
000015b7  UARTCharsAvail                
00001219  UARTConfigSetExpClk           
0000146d  UARTDisable                   
00001545  UARTEnable                    
00001617  UARTFIFODisable               
00001621  UARTFIFOEnable                
00001651  UARTFIFOLevelSet              
0000165b  UARTIntClear                  
0000163d  UARTIntEnable                 
00000bd5  UARTIntHandler                
0000152d  UARTIntRegister               
0000162b  UARTIntStatus                 
000015df  UARTTxIntModeSet              
20005090  __STACK_END                   
00004e20  __STACK_SIZE                  
20000470  __STACK_TOP                   
00001ba0  __TI_CINIT_Base               
00001bb8  __TI_CINIT_Limit              
00001b78  __TI_Handler_Table_Base       
00001b84  __TI_Handler_Table_Limit      
00001261  __TI_auto_init_nobinit_nopinit
00001025  __TI_decompress_lzss          
000015c5  __TI_decompress_none          
ffffffff  __TI_pprof_out_hndl           
ffffffff  __TI_prof_data_size           
ffffffff  __TI_prof_data_start          
00000000  __TI_static_base__            
000015eb  __TI_zero_init                
00000f41  __aeabi_memclr                
00000f41  __aeabi_memclr4               
00000f41  __aeabi_memclr8               
00000e2b  __aeabi_memcpy                
00000e2b  __aeabi_memcpy4               
00000e2b  __aeabi_memcpy8               
00000f43  __aeabi_memset                
00000f43  __aeabi_memset4               
00000f43  __aeabi_memset8               
ffffffff  __binit__                     
ffffffff  __c_args__                    
UNDEFED   __mpu_init                    
20000270  __stack                       
000013bd  _c_int00_noargs               
UNDEFED   _system_post_cinit            
0000165f  _system_pre_init              
00001663  abort                         
ffffffff  binit                         
20000000  g_pfnRAMVectors               
00000000  g_pfnVectors                  
200056d8  m                             
0000131d  main                          
00000e2b  memcpy                        
00000f49  memset                        
200056dc  n                             
20005490  negCosResults                 
20005510  negSinResults                 
20005590  posCosResults                 
20005610  posSinResults                 
200056d4  ucPtr                         


GLOBAL SYMBOLS: SORTED BY Symbol Address 

address   name                          
-------   ----                          
00000000  __TI_static_base__            
00000000  g_pfnVectors                  
00000209  SetUpTime                     
0000021b  ReadArray                     
0000046b  GetADCValues                  
00000535  Computations                  
000006e9  ConfigureADC                  
00000811  ConfigureUART                 
0000087f  ConfigureGPIO                 
000008c9  ConfigureTimer0               
00000959  SysCtlClockFreqSet            
00000b59  Timer0IntHandler              
00000bd5  UARTIntHandler                
00000cf9  GPIOPadConfigSet              
00000e2b  __aeabi_memcpy                
00000e2b  __aeabi_memcpy4               
00000e2b  __aeabi_memcpy8               
00000e2b  memcpy                        
00000ec7  ADCSequenceStepConfigure      
00000f41  __aeabi_memclr                
00000f41  __aeabi_memclr4               
00000f41  __aeabi_memclr8               
00000f43  __aeabi_memset                
00000f43  __aeabi_memset4               
00000f43  __aeabi_memset8               
00000f49  memset                        
00000fbd  IntEnable                     
00001025  __TI_decompress_lzss          
0000108d  TimerConfigure                
000010ed  ADCSequenceConfigure          
00001189  GPIOPinConfigure              
00001219  UARTConfigSetExpClk           
00001261  __TI_auto_init_nobinit_nopinit
000012e5  SysCtlPeripheralReady         
0000131d  main                          
00001355  IntRegister                   
00001389  SysCtlPeripheralEnable        
000013bd  _c_int00_noargs               
000013f1  ADCIntStatus                  
0000141f  GPIODirModeSet                
00001449  IntPrioritySet                
0000146d  UARTDisable                   
000014ad  ADCSequenceDataGet            
000014cb  ADCProcessorTrigger           
000014e3  GPIOPinTypeGPIOOutput         
000014fd  TimerDisable                  
00001515  TimerIntRegister              
0000152d  UARTIntRegister               
00001545  UARTEnable                    
00001559  GPIOPinTypeUART               
0000156b  TimerLoadSet                  
0000157d  IntMasterEnable               
0000158d  ADCSequenceEnable             
0000159b  TimerEnable                   
000015a9  UARTCharPutNonBlocking        
000015b7  UARTCharsAvail                
000015c5  __TI_decompress_none          
000015d3  CPUcpsie                      
000015df  UARTTxIntModeSet              
000015eb  __TI_zero_init                
000015f7  ResetISR                      
00001603  ADCIntClear                   
0000160d  UARTCharGet                   
00001617  UARTFIFODisable               
00001621  UARTFIFOEnable                
0000162b  UARTIntStatus                 
00001635  TimerIntEnable                
0000163d  UARTIntEnable                 
00001645  GPIOPinWrite                  
0000164b  SysCtlDelay                   
00001651  UARTFIFOLevelSet              
00001657  TimerIntClear                 
0000165b  UARTIntClear                  
0000165f  _system_pre_init              
00001663  C$$EXIT                       
00001663  abort                         
00001b78  __TI_Handler_Table_Base       
00001b84  __TI_Handler_Table_Limit      
00001ba0  __TI_CINIT_Base               
00001bb8  __TI_CINIT_Limit              
00004e20  __STACK_SIZE                  
20000000  g_pfnRAMVectors               
20000270  __stack                       
20000470  __STACK_TOP                   
20005090  CosResults                    
20005090  __STACK_END                   
20005190  SinResults                    
20005290  CosOffset                     
20005310  DiffCosResults                
20005390  DiffSinResults                
20005410  SinOffset                     
20005490  negCosResults                 
20005510  negSinResults                 
20005590  posCosResults                 
20005610  posSinResults                 
20005690  ADCValues_SS0                 
200056b0  ADCValues_SS1                 
200056c0  ADCValues_SS2                 
200056d0  SysClock                      
200056d4  ucPtr                         
200056d8  m                             
200056dc  n                             
ffffffff  __TI_pprof_out_hndl           
ffffffff  __TI_prof_data_size           
ffffffff  __TI_prof_data_start          
ffffffff  __binit__                     
ffffffff  __c_args__                    
ffffffff  binit                         
UNDEFED   __mpu_init                    
UNDEFED   _system_post_cinit            

[110 symbols]
