******************************************************************************
                  TI ARM Linker PC v18.12.1                    
******************************************************************************
>> Linked Tue Feb 18 20:53:55 2020

OUTPUT FILE NAME:   <bc_magnet_sensor_05_2020-02-17.out>
ENTRY POINT SYMBOL: "_c_int00_noargs"  address: 00003ea1


MEMORY CONFIGURATION

         name            origin    length      used     unused   attr    fill
----------------------  --------  ---------  --------  --------  ----  --------
  FLASH                 00000000   00100000  0000419e  000fbe62  R  X
  SRAM                  20000000   00040000  000056de  0003a922  RW X


SEGMENT ALLOCATION MAP

run origin  load origin   length   init length attrs members
----------  ----------- ---------- ----------- ----- -------
00000000    00000000    000041a0   000041a0    r-x
  00000000    00000000    00000208   00000208    r-- .intvecs
  00000208    00000208    00002510   00002510    r-- .const
  00002718    00002718    00001a46   00001a46    r-x .text
  00004160    00004160    00000040   00000040    r-- .cinit
20000000    20000000    000056e2   00000000    rw-
  20000000    20000000    0000026c   00000000    rw- .vtable
  20000270    20000270    00004e20   00000000    rw- .stack
  20005090    20005090    00000648   00000000    rw- .bss
  200056d8    200056d8    0000000a   00000000    rw- .data


SECTION ALLOCATION MAP

 output                                  attributes/
section   page    origin      length       input sections
--------  ----  ----------  ----------   ----------------
.intvecs   0    00000000    00000208     
                  00000000    00000208     tm4c1294ncpdt_startup_ccs.obj (.intvecs)

.const     0    00000208    00002510     
                  00000208    00002000     lcd_functions.obj (.const:font_12_16)
                  00002208    000001b0     driverlib.lib : sysctl.obj (.const:g_pppui32XTALtoVCO)
                  000023b8    0000009c                   : interrupt.obj (.const:g_pui32Regs)
                  00002454    00000090                   : gpio.obj (.const:g_pui32GPIOBaseAddrs)
                  000024e4    00000070                   : interrupt.obj (.const)
                  00002554    0000006c                   : sysctl.obj (.const:g_pui32Xtals)
                  000025c0    00000060                   : timer.obj (.const:g_ppui32TimerIntMap)
                  00002620    00000040                   : timer.obj (.const:g_ppui32TimerIntMapSnowflake)
                  00002660    00000040                   : uart.obj (.const:g_ppui32UARTIntMap)
                  000026a0    00000040                   : uart.obj (.const:g_ppui32UARTIntMapSnowflake)
                  000026e0    00000030                   : sysctl.obj (.const:g_sXTALtoMEMTIM)
                  00002710    00000008                   : sysctl.obj (.const)

.text      0    00002718    00001a46     
                  00002718    000004e4     configuration.obj (.text)
                  00002bfc    000004dc     functions.obj (.text)
                  000030d8    00000358     lcd_functions.obj (.text)
                  00003430    00000200     driverlib.lib : sysctl.obj (.text:SysCtlClockFreqSet)
                  00003630    000001a0     Interrupt_handler.obj (.text)
                  000037d0    00000132     driverlib.lib : gpio.obj (.text:GPIOPadConfigSet)
                  00003902    0000009c     rtsv7M4_T_le_v4SPD16_eabi.lib : memcpy_t2.asm.obj (.text)
                  0000399e    0000007a     driverlib.lib : adc.obj (.text:ADCSequenceStepConfigure)
                  00003a18    0000007a     rtsv7M4_T_le_v4SPD16_eabi.lib : memset_t2.asm.obj (.text)
                  00003a92    00000002     --HOLE-- [fill = 0]
                  00003a94    00000068     driverlib.lib : interrupt.obj (.text:IntEnable)
                  00003afc    00000068     rtsv7M4_T_le_v4SPD16_eabi.lib : copy_decompress_lzss.c.obj (.text:decompress:lzss:__TI_decompress_lzss)
                  00003b64    00000060     driverlib.lib : timer.obj (.text:TimerConfigure)
                  00003bc4    00000050                   : adc.obj (.text:ADCSequenceConfigure)
                  00003c14    0000004c                   : timer.obj (.text:_TimerIntNumberGet)
                  00003c60    00000048                   : gpio.obj (.text:GPIOPinConfigure)
                  00003ca8    00000048                   : sysctl.obj (.text:_SysCtlFrequencyGet)
                  00003cf0    00000046                   : uart.obj (.text:UARTConfigSetExpClk)
                  00003d36    00000002     --HOLE-- [fill = 0]
                  00003d38    00000044     rtsv7M4_T_le_v4SPD16_eabi.lib : autoinit.c.obj (.text:__TI_auto_init_nobinit_nopinit:__TI_auto_init_nobinit_nopinit)
                  00003d7c    00000044     main_05.obj (.text)
                  00003dc0    00000040     driverlib.lib : uart.obj (.text:_UARTIntNumberGet)
                  00003e00    00000038                   : sysctl.obj (.text:SysCtlPeripheralReady)
                  00003e38    00000034                   : interrupt.obj (.text:IntRegister)
                  00003e6c    00000034                   : sysctl.obj (.text:SysCtlPeripheralEnable)
                  00003ea0    00000034     rtsv7M4_T_le_v4SPD16_eabi.lib : boot_cortex_m.c.obj (.text:_c_int00_noargs:_c_int00_noargs)
                  00003ed4    0000002e     driverlib.lib : adc.obj (.text:ADCIntStatus)
                  00003f02    0000002a                   : gpio.obj (.text:GPIODirModeSet)
                  00003f2c    00000024                   : interrupt.obj (.text:IntPrioritySet)
                  00003f50    00000020                   : uart.obj (.text:UARTDisable)
                  00003f70    00000020                   : sysctl.obj (.text:_SysCtlMemTimingGet)
                  00003f90    0000001e                   : adc.obj (.text:ADCSequenceDataGet)
                  00003fae    00000018                   : adc.obj (.text:ADCProcessorTrigger)
                  00003fc6    00000018                   : gpio.obj (.text:GPIOPinTypeGPIOOutput)
                  00003fde    00000002     --HOLE-- [fill = 0]
                  00003fe0    00000018                   : timer.obj (.text:TimerDisable)
                  00003ff8    00000018                   : timer.obj (.text:TimerIntRegister)
                  00004010    00000018                   : uart.obj (.text:UARTIntRegister)
                  00004028    00000014                   : uart.obj (.text:UARTEnable)
                  0000403c    00000014     rtsv7M4_T_le_v4SPD16_eabi.lib : strlen.c.obj (.text:strlen)
                  00004050    00000012     driverlib.lib : gpio.obj (.text:GPIOPinTypeUART)
                  00004062    00000012                   : timer.obj (.text:TimerLoadSet)
                  00004074    00000010                   : interrupt.obj (.text:IntMasterEnable)
                  00004084    0000000e                   : adc.obj (.text:ADCSequenceEnable)
                  00004092    0000000e                   : timer.obj (.text:TimerEnable)
                  000040a0    0000000e                   : uart.obj (.text:UARTCharPutNonBlocking)
                  000040ae    0000000e                   : uart.obj (.text:UARTCharsAvail)
                  000040bc    0000000e     rtsv7M4_T_le_v4SPD16_eabi.lib : copy_decompress_none.c.obj (.text:decompress:none:__TI_decompress_none)
                  000040ca    0000000c     driverlib.lib : cpu.obj (.text:CPUcpsie)
                  000040d6    0000000c                   : uart.obj (.text:UARTTxIntModeSet)
                  000040e2    0000000c     rtsv7M4_T_le_v4SPD16_eabi.lib : copy_zero_init.c.obj (.text:decompress:ZI:__TI_zero_init)
                  000040ee    0000000c     tm4c1294ncpdt_startup_ccs.obj (.text)
                  000040fa    0000000a     driverlib.lib : adc.obj (.text:ADCIntClear)
                  00004104    0000000a                   : uart.obj (.text:UARTCharGet)
                  0000410e    0000000a                   : uart.obj (.text:UARTFIFODisable)
                  00004118    0000000a                   : uart.obj (.text:UARTFIFOEnable)
                  00004122    0000000a                   : uart.obj (.text:UARTIntStatus)
                  0000412c    00000008                   : timer.obj (.text:TimerIntEnable)
                  00004134    00000008                   : uart.obj (.text:UARTIntEnable)
                  0000413c    00000006                   : gpio.obj (.text:GPIOPinWrite)
                  00004142    00000006                   : sysctl.obj (.text:SysCtlDelay)
                  00004148    00000006                   : uart.obj (.text:UARTFIFOLevelSet)
                  0000414e    00000004                   : timer.obj (.text:TimerIntClear)
                  00004152    00000004                   : uart.obj (.text:UARTIntClear)
                  00004156    00000004     rtsv7M4_T_le_v4SPD16_eabi.lib : pre_init.c.obj (.text:_system_pre_init)
                  0000415a    00000004                                   : exit.c.obj (.text:abort:abort)

.cinit     0    00004160    00000040     
                  00004160    0000000c     (__TI_handler_table)
                  0000416c    00000004     --HOLE-- [fill = 0]
                  00004170    00000008     (.cinit..bss.load) [load image, compression = zero_init]
                  00004178    00000008     (.cinit..vtable.load) [load image, compression = zero_init]
                  00004180    00000007     (.cinit..data.load) [load image, compression = lzss]
                  00004187    00000001     --HOLE-- [fill = 0]
                  00004188    00000018     (__TI_cinit_table)

.init_array 
*          0    00000000    00000000     UNINITIALIZED

.vtable    0    20000000    0000026c     UNINITIALIZED
                  20000000    0000026c     driverlib.lib : interrupt.obj (.vtable)

.bss       0    20005090    00000648     UNINITIALIZED
                  20005090    00000100     (.common:CosResults)
                  20005190    00000100     (.common:SinResults)
                  20005290    00000080     (.common:CosOffset)
                  20005310    00000080     (.common:DiffCosResults)
                  20005390    00000080     (.common:DiffSinResults)
                  20005410    00000080     (.common:SinOffset)
                  20005490    00000080     (.common:negCosResults)
                  20005510    00000080     (.common:negSinResults)
                  20005590    00000080     (.common:posCosResults)
                  20005610    00000080     (.common:posSinResults)
                  20005690    00000020     (.common:ADCValues_SS0)
                  200056b0    00000010     (.common:ADCValues_SS1)
                  200056c0    00000010     (.common:ADCValues_SS2)
                  200056d0    00000004     (.common:SysClock)
                  200056d4    00000004     (.common:ucPtr)

.data      0    200056d8    0000000a     UNINITIALIZED
                  200056d8    00000008     Interrupt_handler.obj (.data)
                  200056e0    00000002     lcd_functions.obj (.data)

.stack     0    20000270    00004e20     UNINITIALIZED
                  20000270    00000004     rtsv7M4_T_le_v4SPD16_eabi.lib : boot_cortex_m.c.obj (.stack)
                  20000274    00004e1c     --HOLE--

MODULE SUMMARY

       Module                          code   ro data   rw data
       ------                          ----   -------   -------
    .\
       lcd_functions.obj               856    8192      2      
       functions.obj                   1244   0         1600   
       configuration.obj               1252   0         0      
       tm4c1294ncpdt_startup_ccs.obj   12     520       0      
       Interrupt_handler.obj           416    0         12     
       main_05.obj                     68     0         4      
    +--+-------------------------------+------+---------+---------+
       Total:                          3848   8712      1618   
                                                               
    C:/ccs901/TivaWare_C_Series-2.1.4.178/driverlib/ccs/Debug/driverlib.lib
       sysctl.obj                      730    596       0      
       interrupt.obj                   208    268       620    
       gpio.obj                        468    144       0      
       uart.obj                        308    128       0      
       timer.obj                       264    160       0      
       adc.obj                         326    0         0      
       cpu.obj                         12     0         0      
    +--+-------------------------------+------+---------+---------+
       Total:                          2316   1296      620    
                                                               
    C:\ccs901\ccs\tools\compiler\ti-cgt-arm_18.12.1.LTS\lib\rtsv7M4_T_le_v4SPD16_eabi.lib
       memcpy_t2.asm.obj               156    0         0      
       memset_t2.asm.obj               122    0         0      
       copy_decompress_lzss.c.obj      104    0         0      
       autoinit.c.obj                  68     0         0      
       boot_cortex_m.c.obj             52     0         0      
       strlen.c.obj                    20     0         0      
       copy_decompress_none.c.obj      14     0         0      
       copy_zero_init.c.obj            12     0         0      
       exit.c.obj                      4      0         0      
       pre_init.c.obj                  4      0         0      
    +--+-------------------------------+------+---------+---------+
       Total:                          556    0         0      
                                                               
       Stack:                          0      0         20000  
       Linker Generated:               0      59        0      
    +--+-------------------------------+------+---------+---------+
       Grand Total:                    6720   10067     22238  


LINKER GENERATED COPY TABLES

__TI_cinit_table @ 00004188 records: 3, size/record: 8, table size: 24
	.bss: load addr=00004170, load size=00000008 bytes, run addr=20005090, run size=00000648 bytes, compression=zero_init
	.vtable: load addr=00004178, load size=00000008 bytes, run addr=20000000, run size=0000026c bytes, compression=zero_init
	.data: load addr=00004180, load size=00000007 bytes, run addr=200056d8, run size=0000000a bytes, compression=lzss


LINKER GENERATED HANDLER TABLE

__TI_handler_table @ 00004160 records: 3, size/record: 4, table size: 12
	index: 0, handler: __TI_zero_init
	index: 1, handler: __TI_decompress_lzss
	index: 2, handler: __TI_decompress_none


GLOBAL SYMBOLS: SORTED ALPHABETICALLY BY Name 

address   name                          
-------   ----                          
000040fb  ADCIntClear                   
00003ed5  ADCIntStatus                  
00003faf  ADCProcessorTrigger           
00003bc5  ADCSequenceConfigure          
00003f91  ADCSequenceDataGet            
00004085  ADCSequenceEnable             
0000399f  ADCSequenceStepConfigure      
20005690  ADCValues_SS0                 
200056b0  ADCValues_SS1                 
200056c0  ADCValues_SS2                 
0000415b  C$$EXIT                       
000040cb  CPUcpsie                      
00002f25  Computations                  
0000273d  ConfigureADC                  
000028d3  ConfigureGPIO                 
00002995  ConfigureLCD                  
00002937  ConfigureTimer0               
00002865  ConfigureUART                 
20005290  CosOffset                     
20005090  CosResults                    
20005310  DiffCosResults                
20005390  DiffSinResults                
00003f03  GPIODirModeSet                
000037d1  GPIOPadConfigSet              
00003c61  GPIOPinConfigure              
00003fc7  GPIOPinTypeGPIOOutput         
00004051  GPIOPinTypeUART               
0000413d  GPIOPinWrite                  
00002e5f  GetADCValues                  
00003a95  IntEnable                     
00004075  IntMasterEnable               
00003f2d  IntPrioritySet                
00003e39  IntRegister                   
00002c0f  ReadArray                     
000040ef  ResetISR                      
00002bfd  SetUpTime                     
20005410  SinOffset                     
20005190  SinResults                    
200056d0  SysClock                      
00003431  SysCtlClockFreqSet            
00004143  SysCtlDelay                   
00003e6d  SysCtlPeripheralEnable        
00003e01  SysCtlPeripheralReady         
00003631  Timer0IntHandler              
00003b65  TimerConfigure                
00003fe1  TimerDisable                  
00004093  TimerEnable                   
0000414f  TimerIntClear                 
0000412d  TimerIntEnable                
00003ff9  TimerIntRegister              
00004063  TimerLoadSet                  
00004105  UARTCharGet                   
000040a1  UARTCharPutNonBlocking        
000040af  UARTCharsAvail                
00003cf1  UARTConfigSetExpClk           
00003f51  UARTDisable                   
00004029  UARTEnable                    
0000410f  UARTFIFODisable               
00004119  UARTFIFOEnable                
00004149  UARTFIFOLevelSet              
00004153  UARTIntClear                  
00004135  UARTIntEnable                 
000036ad  UARTIntHandler                
00004011  UARTIntRegister               
00004123  UARTIntStatus                 
000040d7  UARTTxIntModeSet              
20005090  __STACK_END                   
00004e20  __STACK_SIZE                  
20000470  __STACK_TOP                   
00004188  __TI_CINIT_Base               
000041a0  __TI_CINIT_Limit              
00004160  __TI_Handler_Table_Base       
0000416c  __TI_Handler_Table_Limit      
00003d39  __TI_auto_init_nobinit_nopinit
00003afd  __TI_decompress_lzss          
000040bd  __TI_decompress_none          
ffffffff  __TI_pprof_out_hndl           
ffffffff  __TI_prof_data_size           
ffffffff  __TI_prof_data_start          
00000000  __TI_static_base__            
000040e3  __TI_zero_init                
00003a19  __aeabi_memclr                
00003a19  __aeabi_memclr4               
00003a19  __aeabi_memclr8               
00003903  __aeabi_memcpy                
00003903  __aeabi_memcpy4               
00003903  __aeabi_memcpy8               
00003a1b  __aeabi_memset                
00003a1b  __aeabi_memset4               
00003a1b  __aeabi_memset8               
ffffffff  __binit__                     
ffffffff  __c_args__                    
UNDEFED   __mpu_init                    
20000270  __stack                       
00003ea1  _c_int00_noargs               
UNDEFED   _system_post_cinit            
00004157  _system_pre_init              
0000415b  abort                         
ffffffff  binit                         
00000208  font_12_16                    
20000000  g_pfnRAMVectors               
00000000  g_pfnVectors                  
200056d8  m                             
00003d7d  main                          
00003903  memcpy                        
00003a21  memset                        
200056dc  n                             
20005490  negCosResults                 
20005510  negSinResults                 
200056e0  offset                        
20005590  posCosResults                 
20005610  posSinResults                 
000031cd  print_string                  
000030d9  screen_show_nr                
00003109  screen_write_nr               
0000403d  strlen                        
200056d4  ucPtr                         
00002719  wait                          
00003123  write_char                    
0000332f  write_cmd_data                
0000330f  write_command                 
0000334f  write_data                    
00003395  write_position                
00003299  write_screen_color            


GLOBAL SYMBOLS: SORTED BY Symbol Address 

address   name                          
-------   ----                          
00000000  __TI_static_base__            
00000000  g_pfnVectors                  
00000208  font_12_16                    
00002719  wait                          
0000273d  ConfigureADC                  
00002865  ConfigureUART                 
000028d3  ConfigureGPIO                 
00002937  ConfigureTimer0               
00002995  ConfigureLCD                  
00002bfd  SetUpTime                     
00002c0f  ReadArray                     
00002e5f  GetADCValues                  
00002f25  Computations                  
000030d9  screen_show_nr                
00003109  screen_write_nr               
00003123  write_char                    
000031cd  print_string                  
00003299  write_screen_color            
0000330f  write_command                 
0000332f  write_cmd_data                
0000334f  write_data                    
00003395  write_position                
00003431  SysCtlClockFreqSet            
00003631  Timer0IntHandler              
000036ad  UARTIntHandler                
000037d1  GPIOPadConfigSet              
00003903  __aeabi_memcpy                
00003903  __aeabi_memcpy4               
00003903  __aeabi_memcpy8               
00003903  memcpy                        
0000399f  ADCSequenceStepConfigure      
00003a19  __aeabi_memclr                
00003a19  __aeabi_memclr4               
00003a19  __aeabi_memclr8               
00003a1b  __aeabi_memset                
00003a1b  __aeabi_memset4               
00003a1b  __aeabi_memset8               
00003a21  memset                        
00003a95  IntEnable                     
00003afd  __TI_decompress_lzss          
00003b65  TimerConfigure                
00003bc5  ADCSequenceConfigure          
00003c61  GPIOPinConfigure              
00003cf1  UARTConfigSetExpClk           
00003d39  __TI_auto_init_nobinit_nopinit
00003d7d  main                          
00003e01  SysCtlPeripheralReady         
00003e39  IntRegister                   
00003e6d  SysCtlPeripheralEnable        
00003ea1  _c_int00_noargs               
00003ed5  ADCIntStatus                  
00003f03  GPIODirModeSet                
00003f2d  IntPrioritySet                
00003f51  UARTDisable                   
00003f91  ADCSequenceDataGet            
00003faf  ADCProcessorTrigger           
00003fc7  GPIOPinTypeGPIOOutput         
00003fe1  TimerDisable                  
00003ff9  TimerIntRegister              
00004011  UARTIntRegister               
00004029  UARTEnable                    
0000403d  strlen                        
00004051  GPIOPinTypeUART               
00004063  TimerLoadSet                  
00004075  IntMasterEnable               
00004085  ADCSequenceEnable             
00004093  TimerEnable                   
000040a1  UARTCharPutNonBlocking        
000040af  UARTCharsAvail                
000040bd  __TI_decompress_none          
000040cb  CPUcpsie                      
000040d7  UARTTxIntModeSet              
000040e3  __TI_zero_init                
000040ef  ResetISR                      
000040fb  ADCIntClear                   
00004105  UARTCharGet                   
0000410f  UARTFIFODisable               
00004119  UARTFIFOEnable                
00004123  UARTIntStatus                 
0000412d  TimerIntEnable                
00004135  UARTIntEnable                 
0000413d  GPIOPinWrite                  
00004143  SysCtlDelay                   
00004149  UARTFIFOLevelSet              
0000414f  TimerIntClear                 
00004153  UARTIntClear                  
00004157  _system_pre_init              
0000415b  C$$EXIT                       
0000415b  abort                         
00004160  __TI_Handler_Table_Base       
0000416c  __TI_Handler_Table_Limit      
00004188  __TI_CINIT_Base               
000041a0  __TI_CINIT_Limit              
00004e20  __STACK_SIZE                  
20000000  g_pfnRAMVectors               
20000270  __stack                       
20000470  __STACK_TOP                   
20005090  CosResults                    
20005090  __STACK_END                   
20005190  SinResults                    
20005290  CosOffset                     
20005310  DiffCosResults                
20005390  DiffSinResults                
20005410  SinOffset                     
20005490  negCosResults                 
20005510  negSinResults                 
20005590  posCosResults                 
20005610  posSinResults                 
20005690  ADCValues_SS0                 
200056b0  ADCValues_SS1                 
200056c0  ADCValues_SS2                 
200056d0  SysClock                      
200056d4  ucPtr                         
200056d8  m                             
200056dc  n                             
200056e0  offset                        
ffffffff  __TI_pprof_out_hndl           
ffffffff  __TI_prof_data_size           
ffffffff  __TI_prof_data_start          
ffffffff  __binit__                     
ffffffff  __c_args__                    
ffffffff  binit                         
UNDEFED   __mpu_init                    
UNDEFED   _system_post_cinit            

[124 symbols]
