<?xml version="1.0" encoding="ISO-8859-1" ?>
<link_info>
   <banner>TI ARM Linker PC v18.12.4.LTS</banner>
   <copyright>Copyright (c) 1996-2018 Texas Instruments Incorporated</copyright>
   <link_time>0x5e6a137a</link_time>
   <link_errors>0x0</link_errors>
   <output_file>bc_magnet_sensor_06_2020-02-18.out</output_file>
   <entry_point>
      <name>_c_int00_noargs</name>
      <address>0x3a25</address>
   </entry_point>
   <input_file_list>
      <input_file id="fl-2">
         <path>.\</path>
         <kind>object</kind>
         <file>Interrupt_handler.obj</file>
         <name>Interrupt_handler.obj</name>
      </input_file>
      <input_file id="fl-3">
         <path>.\</path>
         <kind>object</kind>
         <file>configuration.obj</file>
         <name>configuration.obj</name>
      </input_file>
      <input_file id="fl-4">
         <path>.\</path>
         <kind>object</kind>
         <file>functions.obj</file>
         <name>functions.obj</name>
      </input_file>
      <input_file id="fl-5">
         <path>.\</path>
         <kind>object</kind>
         <file>lcd_functions.obj</file>
         <name>lcd_functions.obj</name>
      </input_file>
      <input_file id="fl-6">
         <path>.\</path>
         <kind>object</kind>
         <file>main_06.obj</file>
         <name>main_06.obj</name>
      </input_file>
      <input_file id="fl-7">
         <path>.\</path>
         <kind>object</kind>
         <file>tm4c1294ncpdt_startup_ccs.obj</file>
         <name>tm4c1294ncpdt_startup_ccs.obj</name>
      </input_file>
      <input_file id="fl-c">
         <kind>object</kind>
         <file>&lt;internal&gt;</file>
         <name>&lt;internal&gt;</name>
      </input_file>
      <input_file id="fl-d">
         <path>C:\ti\TivaWare_C_Series-2.1.4.178\driverlib\ccs\Debug\</path>
         <kind>archive</kind>
         <file>driverlib.lib</file>
         <name>adc.obj</name>
      </input_file>
      <input_file id="fl-e">
         <path>C:\ti\TivaWare_C_Series-2.1.4.178\driverlib\ccs\Debug\</path>
         <kind>archive</kind>
         <file>driverlib.lib</file>
         <name>gpio.obj</name>
      </input_file>
      <input_file id="fl-f">
         <path>C:\ti\TivaWare_C_Series-2.1.4.178\driverlib\ccs\Debug\</path>
         <kind>archive</kind>
         <file>driverlib.lib</file>
         <name>interrupt.obj</name>
      </input_file>
      <input_file id="fl-10">
         <path>C:\ti\TivaWare_C_Series-2.1.4.178\driverlib\ccs\Debug\</path>
         <kind>archive</kind>
         <file>driverlib.lib</file>
         <name>sysctl.obj</name>
      </input_file>
      <input_file id="fl-11">
         <path>C:\ti\TivaWare_C_Series-2.1.4.178\driverlib\ccs\Debug\</path>
         <kind>archive</kind>
         <file>driverlib.lib</file>
         <name>timer.obj</name>
      </input_file>
      <input_file id="fl-12">
         <path>C:\ti\TivaWare_C_Series-2.1.4.178\driverlib\ccs\Debug\</path>
         <kind>archive</kind>
         <file>driverlib.lib</file>
         <name>uart.obj</name>
      </input_file>
      <input_file id="fl-13">
         <path>C:\ti\TivaWare_C_Series-2.1.4.178\driverlib\ccs\Debug\</path>
         <kind>archive</kind>
         <file>driverlib.lib</file>
         <name>udma.obj</name>
      </input_file>
      <input_file id="fl-14">
         <path>C:\ti\TivaWare_C_Series-2.1.4.178\driverlib\ccs\Debug\</path>
         <kind>archive</kind>
         <file>driverlib.lib</file>
         <name>cpu.obj</name>
      </input_file>
      <input_file id="fl-ca">
         <path>C:\ti\ccs930\ccs\tools\compiler\ti-cgt-arm_18.12.4.LTS\lib\</path>
         <kind>archive</kind>
         <file>rtsv7M4_T_le_v4SPD16_eabi.lib</file>
         <name>e_sqrt.c.obj</name>
      </input_file>
      <input_file id="fl-cb">
         <path>C:\ti\ccs930\ccs\tools\compiler\ti-cgt-arm_18.12.4.LTS\lib\</path>
         <kind>archive</kind>
         <file>rtsv7M4_T_le_v4SPD16_eabi.lib</file>
         <name>fd_add_t2.asm.obj</name>
      </input_file>
      <input_file id="fl-cc">
         <path>C:\ti\ccs930\ccs\tools\compiler\ti-cgt-arm_18.12.4.LTS\lib\</path>
         <kind>archive</kind>
         <file>rtsv7M4_T_le_v4SPD16_eabi.lib</file>
         <name>fd_cmp_t2.asm.obj</name>
      </input_file>
      <input_file id="fl-cd">
         <path>C:\ti\ccs930\ccs\tools\compiler\ti-cgt-arm_18.12.4.LTS\lib\</path>
         <kind>archive</kind>
         <file>rtsv7M4_T_le_v4SPD16_eabi.lib</file>
         <name>fd_div_t2.asm.obj</name>
      </input_file>
      <input_file id="fl-ce">
         <path>C:\ti\ccs930\ccs\tools\compiler\ti-cgt-arm_18.12.4.LTS\lib\</path>
         <kind>archive</kind>
         <file>rtsv7M4_T_le_v4SPD16_eabi.lib</file>
         <name>fd_mul_t2.asm.obj</name>
      </input_file>
      <input_file id="fl-cf">
         <path>C:\ti\ccs930\ccs\tools\compiler\ti-cgt-arm_18.12.4.LTS\lib\</path>
         <kind>archive</kind>
         <file>rtsv7M4_T_le_v4SPD16_eabi.lib</file>
         <name>fd_toi_t2.asm.obj</name>
      </input_file>
      <input_file id="fl-d0">
         <path>C:\ti\ccs930\ccs\tools\compiler\ti-cgt-arm_18.12.4.LTS\lib\</path>
         <kind>archive</kind>
         <file>rtsv7M4_T_le_v4SPD16_eabi.lib</file>
         <name>i_tofd_t2.asm.obj</name>
      </input_file>
      <input_file id="fl-d1">
         <path>C:\ti\ccs930\ccs\tools\compiler\ti-cgt-arm_18.12.4.LTS\lib\</path>
         <kind>archive</kind>
         <file>rtsv7M4_T_le_v4SPD16_eabi.lib</file>
         <name>copy_zero_init.c.obj</name>
      </input_file>
      <input_file id="fl-d2">
         <path>C:\ti\ccs930\ccs\tools\compiler\ti-cgt-arm_18.12.4.LTS\lib\</path>
         <kind>archive</kind>
         <file>rtsv7M4_T_le_v4SPD16_eabi.lib</file>
         <name>copy_decompress_none.c.obj</name>
      </input_file>
      <input_file id="fl-d3">
         <path>C:\ti\ccs930\ccs\tools\compiler\ti-cgt-arm_18.12.4.LTS\lib\</path>
         <kind>archive</kind>
         <file>rtsv7M4_T_le_v4SPD16_eabi.lib</file>
         <name>copy_decompress_lzss.c.obj</name>
      </input_file>
      <input_file id="fl-d4">
         <path>C:\ti\ccs930\ccs\tools\compiler\ti-cgt-arm_18.12.4.LTS\lib\</path>
         <kind>archive</kind>
         <file>rtsv7M4_T_le_v4SPD16_eabi.lib</file>
         <name>strlen.c.obj</name>
      </input_file>
      <input_file id="fl-d5">
         <path>C:\ti\ccs930\ccs\tools\compiler\ti-cgt-arm_18.12.4.LTS\lib\</path>
         <kind>archive</kind>
         <file>rtsv7M4_T_le_v4SPD16_eabi.lib</file>
         <name>boot_cortex_m.c.obj</name>
      </input_file>
      <input_file id="fl-d6">
         <path>C:\ti\ccs930\ccs\tools\compiler\ti-cgt-arm_18.12.4.LTS\lib\</path>
         <kind>archive</kind>
         <file>rtsv7M4_T_le_v4SPD16_eabi.lib</file>
         <name>errno.c.obj</name>
      </input_file>
      <input_file id="fl-d7">
         <path>C:\ti\ccs930\ccs\tools\compiler\ti-cgt-arm_18.12.4.LTS\lib\</path>
         <kind>archive</kind>
         <file>rtsv7M4_T_le_v4SPD16_eabi.lib</file>
         <name>memcpy_t2.asm.obj</name>
      </input_file>
      <input_file id="fl-d8">
         <path>C:\ti\ccs930\ccs\tools\compiler\ti-cgt-arm_18.12.4.LTS\lib\</path>
         <kind>archive</kind>
         <file>rtsv7M4_T_le_v4SPD16_eabi.lib</file>
         <name>memset_t2.asm.obj</name>
      </input_file>
      <input_file id="fl-d9">
         <path>C:\ti\ccs930\ccs\tools\compiler\ti-cgt-arm_18.12.4.LTS\lib\</path>
         <kind>archive</kind>
         <file>rtsv7M4_T_le_v4SPD16_eabi.lib</file>
         <name>autoinit.c.obj</name>
      </input_file>
      <input_file id="fl-da">
         <path>C:\ti\ccs930\ccs\tools\compiler\ti-cgt-arm_18.12.4.LTS\lib\</path>
         <kind>archive</kind>
         <file>rtsv7M4_T_le_v4SPD16_eabi.lib</file>
         <name>pre_init.c.obj</name>
      </input_file>
      <input_file id="fl-db">
         <path>C:\ti\ccs930\ccs\tools\compiler\ti-cgt-arm_18.12.4.LTS\lib\</path>
         <kind>archive</kind>
         <file>rtsv7M4_T_le_v4SPD16_eabi.lib</file>
         <name>cpy_tbl.c.obj</name>
      </input_file>
      <input_file id="fl-dc">
         <path>C:\ti\ccs930\ccs\tools\compiler\ti-cgt-arm_18.12.4.LTS\lib\</path>
         <kind>archive</kind>
         <file>rtsv7M4_T_le_v4SPD16_eabi.lib</file>
         <name>exit.c.obj</name>
      </input_file>
      <input_file id="fl-dd">
         <path>C:\ti\ccs930\ccs\tools\compiler\ti-cgt-arm_18.12.4.LTS\lib\</path>
         <kind>archive</kind>
         <file>rtsv7M4_T_le_v4SPD16_eabi.lib</file>
         <name>_lock.c.obj</name>
      </input_file>
      <input_file id="fl-de">
         <path>C:\ti\ccs930\ccs\tools\compiler\ti-cgt-arm_18.12.4.LTS\lib\</path>
         <kind>archive</kind>
         <file>rtsv7M4_T_le_v4SPD16_eabi.lib</file>
         <name>args_main.c.obj</name>
      </input_file>
   </input_file_list>
   <object_component_list>
      <object_component id="oc-f">
         <name>.intvecs</name>
         <load_address>0x0</load_address>
         <run_address>0x0</run_address>
         <size>0x208</size>
         <input_file_ref idref="fl-7"/>
      </object_component>
      <object_component id="oc-d8">
         <name>.text</name>
         <load_address>0x208</load_address>
         <run_address>0x208</run_address>
         <size>0x17b4</size>
         <input_file_ref idref="fl-5"/>
      </object_component>
      <object_component id="oc-d2">
         <name>.text</name>
         <load_address>0x19bc</load_address>
         <run_address>0x19bc</run_address>
         <size>0x808</size>
         <input_file_ref idref="fl-3"/>
      </object_component>
      <object_component id="oc-318">
         <name>.text</name>
         <load_address>0x21c4</load_address>
         <run_address>0x21c4</run_address>
         <size>0x5ec</size>
         <input_file_ref idref="fl-4"/>
      </object_component>
      <object_component id="oc-c6">
         <name>.text:SysCtlClockFreqSet</name>
         <load_address>0x27b0</load_address>
         <run_address>0x27b0</run_address>
         <size>0x200</size>
         <input_file_ref idref="fl-10"/>
      </object_component>
      <object_component id="oc-21c">
         <name>.text</name>
         <load_address>0x29b0</load_address>
         <run_address>0x29b0</run_address>
         <size>0x1b8</size>
         <input_file_ref idref="fl-2"/>
      </object_component>
      <object_component id="oc-245">
         <name>.text</name>
         <load_address>0x2b68</load_address>
         <run_address>0x2b68</run_address>
         <size>0x1b6</size>
         <input_file_ref idref="fl-cb"/>
      </object_component>
      <object_component id="oc-3e0">
         <name>.text:sqrt</name>
         <load_address>0x2d20</load_address>
         <run_address>0x2d20</run_address>
         <size>0x158</size>
         <input_file_ref idref="fl-ca"/>
      </object_component>
      <object_component id="oc-23b">
         <name>.text</name>
         <load_address>0x2e78</load_address>
         <run_address>0x2e78</run_address>
         <size>0x136</size>
         <input_file_ref idref="fl-cd"/>
      </object_component>
      <object_component id="oc-2d2">
         <name>.text:GPIOPadConfigSet</name>
         <load_address>0x2fae</load_address>
         <run_address>0x2fae</run_address>
         <size>0x132</size>
         <input_file_ref idref="fl-e"/>
      </object_component>
      <object_component id="oc-98">
         <name>.text</name>
         <load_address>0x30e0</load_address>
         <run_address>0x30e0</run_address>
         <size>0x10c</size>
         <input_file_ref idref="fl-6"/>
      </object_component>
      <object_component id="oc-263">
         <name>.text</name>
         <load_address>0x31ec</load_address>
         <run_address>0x31ec</run_address>
         <size>0xfc</size>
         <input_file_ref idref="fl-ce"/>
      </object_component>
      <object_component id="oc-38">
         <name>.text</name>
         <load_address>0x32e8</load_address>
         <run_address>0x32e8</run_address>
         <size>0x9c</size>
         <input_file_ref idref="fl-d7"/>
      </object_component>
      <object_component id="oc-240">
         <name>.text:__aeabi_cdcmple</name>
         <load_address>0x3384</load_address>
         <run_address>0x3384</run_address>
         <size>0x86</size>
         <input_file_ref idref="fl-cc"/>
      </object_component>
      <object_component id="oc-25e">
         <name>.text:__aeabi_cdrcmple</name>
         <load_address>0x340a</load_address>
         <run_address>0x340a</run_address>
         <size>0x86</size>
         <input_file_ref idref="fl-cc"/>
      </object_component>
      <object_component id="oc-177">
         <name>.text:ADCSequenceStepConfigure</name>
         <load_address>0x3490</load_address>
         <run_address>0x3490</run_address>
         <size>0x7a</size>
         <input_file_ref idref="fl-d"/>
      </object_component>
      <object_component id="oc-8c">
         <name>.text</name>
         <load_address>0x350a</load_address>
         <run_address>0x350a</run_address>
         <size>0x7a</size>
         <input_file_ref idref="fl-d8"/>
      </object_component>
      <object_component id="oc-1e9">
         <name>.text:IntEnable</name>
         <load_address>0x3584</load_address>
         <run_address>0x3584</run_address>
         <size>0x68</size>
         <input_file_ref idref="fl-f"/>
      </object_component>
      <object_component id="oc-12">
         <name>.text:decompress:lzss:__TI_decompress_lzss</name>
         <load_address>0x35ec</load_address>
         <run_address>0x35ec</run_address>
         <size>0x68</size>
         <input_file_ref idref="fl-d3"/>
      </object_component>
      <object_component id="oc-1fb">
         <name>.text:TimerConfigure</name>
         <load_address>0x3654</load_address>
         <run_address>0x3654</run_address>
         <size>0x60</size>
         <input_file_ref idref="fl-11"/>
      </object_component>
      <object_component id="oc-171">
         <name>.text:ADCSequenceConfigure</name>
         <load_address>0x36b4</load_address>
         <run_address>0x36b4</run_address>
         <size>0x50</size>
         <input_file_ref idref="fl-d"/>
      </object_component>
      <object_component id="oc-308">
         <name>.text:_TimerIntNumberGet</name>
         <load_address>0x3704</load_address>
         <run_address>0x3704</run_address>
         <size>0x4c</size>
         <input_file_ref idref="fl-11"/>
      </object_component>
      <object_component id="oc-1ad">
         <name>.text:GPIOPinConfigure</name>
         <load_address>0x3750</load_address>
         <run_address>0x3750</run_address>
         <size>0x48</size>
         <input_file_ref idref="fl-e"/>
      </object_component>
      <object_component id="oc-148">
         <name>.text:_SysCtlFrequencyGet</name>
         <load_address>0x3798</load_address>
         <run_address>0x3798</run_address>
         <size>0x48</size>
         <input_file_ref idref="fl-10"/>
      </object_component>
      <object_component id="oc-268">
         <name>.text</name>
         <load_address>0x37e0</load_address>
         <run_address>0x37e0</run_address>
         <size>0x48</size>
         <input_file_ref idref="fl-cf"/>
      </object_component>
      <object_component id="oc-195">
         <name>.text:uDMAChannelAttributeDisable</name>
         <load_address>0x3828</load_address>
         <run_address>0x3828</run_address>
         <size>0x48</size>
         <input_file_ref idref="fl-13"/>
      </object_component>
      <object_component id="oc-19b">
         <name>.text:uDMAChannelAttributeEnable</name>
         <load_address>0x3870</load_address>
         <run_address>0x3870</run_address>
         <size>0x48</size>
         <input_file_ref idref="fl-13"/>
      </object_component>
      <object_component id="oc-1b9">
         <name>.text:UARTConfigSetExpClk</name>
         <load_address>0x38b8</load_address>
         <run_address>0x38b8</run_address>
         <size>0x46</size>
         <input_file_ref idref="fl-12"/>
      </object_component>
      <object_component id="oc-10e">
         <name>.text:__TI_auto_init_nobinit_nopinit:__TI_auto_init_nobinit_nopinit</name>
         <load_address>0x3900</load_address>
         <run_address>0x3900</run_address>
         <size>0x44</size>
         <input_file_ref idref="fl-d9"/>
      </object_component>
      <object_component id="oc-2f0">
         <name>.text:_UARTIntNumberGet</name>
         <load_address>0x3944</load_address>
         <run_address>0x3944</run_address>
         <size>0x40</size>
         <input_file_ref idref="fl-12"/>
      </object_component>
      <object_component id="oc-16b">
         <name>.text:SysCtlPeripheralReady</name>
         <load_address>0x3984</load_address>
         <run_address>0x3984</run_address>
         <size>0x38</size>
         <input_file_ref idref="fl-10"/>
      </object_component>
      <object_component id="oc-2f6">
         <name>.text:IntRegister</name>
         <load_address>0x39bc</load_address>
         <run_address>0x39bc</run_address>
         <size>0x34</size>
         <input_file_ref idref="fl-f"/>
      </object_component>
      <object_component id="oc-165">
         <name>.text:SysCtlPeripheralEnable</name>
         <load_address>0x39f0</load_address>
         <run_address>0x39f0</run_address>
         <size>0x34</size>
         <input_file_ref idref="fl-10"/>
      </object_component>
      <object_component id="oc-56">
         <name>.text:_c_int00_noargs:_c_int00_noargs</name>
         <load_address>0x3a24</load_address>
         <run_address>0x3a24</run_address>
         <size>0x34</size>
         <input_file_ref idref="fl-d5"/>
      </object_component>
      <object_component id="oc-3c9">
         <name>.text:ADCIntStatus</name>
         <load_address>0x3a58</load_address>
         <run_address>0x3a58</run_address>
         <size>0x2e</size>
         <input_file_ref idref="fl-d"/>
      </object_component>
      <object_component id="oc-236">
         <name>.text</name>
         <load_address>0x3a86</load_address>
         <run_address>0x3a86</run_address>
         <size>0x2e</size>
         <input_file_ref idref="fl-d0"/>
      </object_component>
      <object_component id="oc-2cc">
         <name>.text:GPIODirModeSet</name>
         <load_address>0x3ab4</load_address>
         <run_address>0x3ab4</run_address>
         <size>0x2a</size>
         <input_file_ref idref="fl-e"/>
      </object_component>
      <object_component id="oc-1c5">
         <name>.text:IntPrioritySet</name>
         <load_address>0x3ae0</load_address>
         <run_address>0x3ae0</run_address>
         <size>0x24</size>
         <input_file_ref idref="fl-f"/>
      </object_component>
      <object_component id="oc-1a1">
         <name>.text:uDMAChannelControlSet</name>
         <load_address>0x3b04</load_address>
         <run_address>0x3b04</run_address>
         <size>0x24</size>
         <input_file_ref idref="fl-13"/>
      </object_component>
      <object_component id="oc-2d9">
         <name>.text:UARTDisable</name>
         <load_address>0x3b28</load_address>
         <run_address>0x3b28</run_address>
         <size>0x20</size>
         <input_file_ref idref="fl-12"/>
      </object_component>
      <object_component id="oc-142">
         <name>.text:_SysCtlMemTimingGet</name>
         <load_address>0x3b48</load_address>
         <run_address>0x3b48</run_address>
         <size>0x20</size>
         <input_file_ref idref="fl-10"/>
      </object_component>
      <object_component id="oc-3d5">
         <name>.text:ADCSequenceDataGet</name>
         <load_address>0x3b68</load_address>
         <run_address>0x3b68</run_address>
         <size>0x1e</size>
         <input_file_ref idref="fl-d"/>
      </object_component>
      <object_component id="oc-3c3">
         <name>.text:ADCProcessorTrigger</name>
         <load_address>0x3b86</load_address>
         <run_address>0x3b86</run_address>
         <size>0x18</size>
         <input_file_ref idref="fl-d"/>
      </object_component>
      <object_component id="oc-1f5">
         <name>.text:GPIOPinTypeGPIOOutput</name>
         <load_address>0x3b9e</load_address>
         <run_address>0x3b9e</run_address>
         <size>0x18</size>
         <input_file_ref idref="fl-e"/>
      </object_component>
      <object_component id="oc-33c">
         <name>.text:TimerDisable</name>
         <load_address>0x3bb8</load_address>
         <run_address>0x3bb8</run_address>
         <size>0x18</size>
         <input_file_ref idref="fl-11"/>
      </object_component>
      <object_component id="oc-20d">
         <name>.text:TimerIntRegister</name>
         <load_address>0x3bd0</load_address>
         <run_address>0x3bd0</run_address>
         <size>0x18</size>
         <input_file_ref idref="fl-11"/>
      </object_component>
      <object_component id="oc-1dd">
         <name>.text:UARTIntRegister</name>
         <load_address>0x3be8</load_address>
         <run_address>0x3be8</run_address>
         <size>0x18</size>
         <input_file_ref idref="fl-12"/>
      </object_component>
      <object_component id="oc-1a7">
         <name>.text:uDMAChannelEnable</name>
         <load_address>0x3c00</load_address>
         <run_address>0x3c00</run_address>
         <size>0x18</size>
         <input_file_ref idref="fl-13"/>
      </object_component>
      <object_component id="oc-2df">
         <name>.text:UARTEnable</name>
         <load_address>0x3c18</load_address>
         <run_address>0x3c18</run_address>
         <size>0x14</size>
         <input_file_ref idref="fl-12"/>
      </object_component>
      <object_component id="oc-223">
         <name>.text:strlen</name>
         <load_address>0x3c2c</load_address>
         <run_address>0x3c2c</run_address>
         <size>0x14</size>
         <input_file_ref idref="fl-d4"/>
      </object_component>
      <object_component id="oc-1ef">
         <name>.text:uDMAChannelRequest</name>
         <load_address>0x3c40</load_address>
         <run_address>0x3c40</run_address>
         <size>0x14</size>
         <input_file_ref idref="fl-13"/>
      </object_component>
      <object_component id="oc-1b3">
         <name>.text:GPIOPinTypeUART</name>
         <load_address>0x3c54</load_address>
         <run_address>0x3c54</run_address>
         <size>0x12</size>
         <input_file_ref idref="fl-e"/>
      </object_component>
      <object_component id="oc-201">
         <name>.text:TimerLoadSet</name>
         <load_address>0x3c66</load_address>
         <run_address>0x3c66</run_address>
         <size>0x12</size>
         <input_file_ref idref="fl-11"/>
      </object_component>
      <object_component id="oc-18f">
         <name>.text:ADCSequenceDMAEnable</name>
         <load_address>0x3c78</load_address>
         <run_address>0x3c78</run_address>
         <size>0x10</size>
         <input_file_ref idref="fl-d"/>
      </object_component>
      <object_component id="oc-cc">
         <name>.text:IntMasterDisable</name>
         <load_address>0x3c88</load_address>
         <run_address>0x3c88</run_address>
         <size>0x10</size>
         <input_file_ref idref="fl-f"/>
      </object_component>
      <object_component id="oc-de">
         <name>.text:IntMasterEnable</name>
         <load_address>0x3c98</load_address>
         <run_address>0x3c98</run_address>
         <size>0x10</size>
         <input_file_ref idref="fl-f"/>
      </object_component>
      <object_component id="oc-183">
         <name>.text:uDMAEnable</name>
         <load_address>0x3ca8</load_address>
         <run_address>0x3ca8</run_address>
         <size>0x10</size>
         <input_file_ref idref="fl-13"/>
      </object_component>
      <object_component id="oc-17d">
         <name>.text:ADCSequenceEnable</name>
         <load_address>0x3cb8</load_address>
         <run_address>0x3cb8</run_address>
         <size>0xe</size>
         <input_file_ref idref="fl-d"/>
      </object_component>
      <object_component id="oc-207">
         <name>.text:TimerEnable</name>
         <load_address>0x3cc6</load_address>
         <run_address>0x3cc6</run_address>
         <size>0xe</size>
         <input_file_ref idref="fl-11"/>
      </object_component>
      <object_component id="oc-31e">
         <name>.text:UARTCharPutNonBlocking</name>
         <load_address>0x3cd4</load_address>
         <run_address>0x3cd4</run_address>
         <size>0xe</size>
         <input_file_ref idref="fl-12"/>
      </object_component>
      <object_component id="oc-336">
         <name>.text:UARTCharsAvail</name>
         <load_address>0x3ce2</load_address>
         <run_address>0x3ce2</run_address>
         <size>0xe</size>
         <input_file_ref idref="fl-12"/>
      </object_component>
      <object_component id="oc-18">
         <name>.text:decompress:none:__TI_decompress_none</name>
         <load_address>0x3cf0</load_address>
         <run_address>0x3cf0</run_address>
         <size>0xe</size>
         <input_file_ref idref="fl-d2"/>
      </object_component>
      <object_component id="oc-15e">
         <name>.text:CPUcpsid</name>
         <load_address>0x3cfe</load_address>
         <run_address>0x3cfe</run_address>
         <size>0xc</size>
         <input_file_ref idref="fl-14"/>
      </object_component>
      <object_component id="oc-26e">
         <name>.text:CPUcpsie</name>
         <load_address>0x3d0a</load_address>
         <run_address>0x3d0a</run_address>
         <size>0xc</size>
         <input_file_ref idref="fl-14"/>
      </object_component>
      <object_component id="oc-1d7">
         <name>.text:UARTTxIntModeSet</name>
         <load_address>0x3d16</load_address>
         <run_address>0x3d16</run_address>
         <size>0xc</size>
         <input_file_ref idref="fl-12"/>
      </object_component>
      <object_component id="oc-4a">
         <name>.text:decompress:ZI:__TI_zero_init</name>
         <load_address>0x3d22</load_address>
         <run_address>0x3d22</run_address>
         <size>0xc</size>
         <input_file_ref idref="fl-d1"/>
      </object_component>
      <object_component id="oc-24">
         <name>.text</name>
         <load_address>0x3d2e</load_address>
         <run_address>0x3d2e</run_address>
         <size>0xc</size>
         <input_file_ref idref="fl-7"/>
      </object_component>
      <object_component id="oc-189">
         <name>.text:uDMAControlBaseSet</name>
         <load_address>0x3d3c</load_address>
         <run_address>0x3d3c</run_address>
         <size>0xc</size>
         <input_file_ref idref="fl-13"/>
      </object_component>
      <object_component id="oc-3cf">
         <name>.text:ADCIntClear</name>
         <load_address>0x3d48</load_address>
         <run_address>0x3d48</run_address>
         <size>0xa</size>
         <input_file_ref idref="fl-d"/>
      </object_component>
      <object_component id="oc-330">
         <name>.text:UARTCharGet</name>
         <load_address>0x3d52</load_address>
         <run_address>0x3d52</run_address>
         <size>0xa</size>
         <input_file_ref idref="fl-12"/>
      </object_component>
      <object_component id="oc-342">
         <name>.text:UARTFIFODisable</name>
         <load_address>0x3d5c</load_address>
         <run_address>0x3d5c</run_address>
         <size>0xa</size>
         <input_file_ref idref="fl-12"/>
      </object_component>
      <object_component id="oc-1bf">
         <name>.text:UARTFIFOEnable</name>
         <load_address>0x3d66</load_address>
         <run_address>0x3d66</run_address>
         <size>0xa</size>
         <input_file_ref idref="fl-12"/>
      </object_component>
      <object_component id="oc-324">
         <name>.text:UARTIntStatus</name>
         <load_address>0x3d70</load_address>
         <run_address>0x3d70</run_address>
         <size>0xa</size>
         <input_file_ref idref="fl-12"/>
      </object_component>
      <object_component id="oc-213">
         <name>.text:TimerIntEnable</name>
         <load_address>0x3d7a</load_address>
         <run_address>0x3d7a</run_address>
         <size>0x8</size>
         <input_file_ref idref="fl-11"/>
      </object_component>
      <object_component id="oc-1e3">
         <name>.text:UARTDMAEnable</name>
         <load_address>0x3d82</load_address>
         <run_address>0x3d82</run_address>
         <size>0x8</size>
         <input_file_ref idref="fl-12"/>
      </object_component>
      <object_component id="oc-1cb">
         <name>.text:UARTIntEnable</name>
         <load_address>0x3d8a</load_address>
         <run_address>0x3d8a</run_address>
         <size>0x8</size>
         <input_file_ref idref="fl-12"/>
      </object_component>
      <object_component id="oc-416">
         <name>.text:__aeabi_errno_addr</name>
         <load_address>0x3d94</load_address>
         <run_address>0x3d94</run_address>
         <size>0x8</size>
         <input_file_ref idref="fl-d6"/>
      </object_component>
      <object_component id="oc-3bd">
         <name>.text:GPIOPinWrite</name>
         <load_address>0x3d9c</load_address>
         <run_address>0x3d9c</run_address>
         <size>0x6</size>
         <input_file_ref idref="fl-e"/>
      </object_component>
      <object_component id="oc-348">
         <name>.text:SysCtlDelay</name>
         <load_address>0x3da2</load_address>
         <run_address>0x3da2</run_address>
         <size>0x6</size>
         <input_file_ref idref="fl-10"/>
      </object_component>
      <object_component id="oc-1d1">
         <name>.text:UARTFIFOLevelSet</name>
         <load_address>0x3da8</load_address>
         <run_address>0x3da8</run_address>
         <size>0x6</size>
         <input_file_ref idref="fl-12"/>
      </object_component>
      <object_component id="oc-312">
         <name>.text:TimerIntClear</name>
         <load_address>0x3dae</load_address>
         <run_address>0x3dae</run_address>
         <size>0x4</size>
         <input_file_ref idref="fl-11"/>
      </object_component>
      <object_component id="oc-32a">
         <name>.text:UARTIntClear</name>
         <load_address>0x3db2</load_address>
         <run_address>0x3db2</run_address>
         <size>0x4</size>
         <input_file_ref idref="fl-12"/>
      </object_component>
      <object_component id="oc-92">
         <name>.text:_system_pre_init</name>
         <load_address>0x3db6</load_address>
         <run_address>0x3db6</run_address>
         <size>0x4</size>
         <input_file_ref idref="fl-da"/>
      </object_component>
      <object_component id="oc-102">
         <name>.text:abort:abort</name>
         <load_address>0x3dba</load_address>
         <run_address>0x3dba</run_address>
         <size>0x4</size>
         <input_file_ref idref="fl-dc"/>
      </object_component>
      <object_component id="oc-22c">
         <name>.const:font_12_16</name>
         <load_address>0x3dc0</load_address>
         <run_address>0x3dc0</run_address>
         <size>0x2000</size>
         <input_file_ref idref="fl-5"/>
      </object_component>
      <object_component id="oc-151">
         <name>.const:g_pppui32XTALtoVCO</name>
         <load_address>0x5dc0</load_address>
         <run_address>0x5dc0</run_address>
         <size>0x1b0</size>
         <input_file_ref idref="fl-10"/>
      </object_component>
      <object_component id="oc-2e8">
         <name>.const:g_pui32Regs</name>
         <load_address>0x5f70</load_address>
         <run_address>0x5f70</run_address>
         <size>0x9c</size>
         <input_file_ref idref="fl-f"/>
      </object_component>
      <object_component id="oc-2c7">
         <name>.const:g_pui32GPIOBaseAddrs</name>
         <load_address>0x600c</load_address>
         <run_address>0x600c</run_address>
         <size>0x90</size>
         <input_file_ref idref="fl-e"/>
      </object_component>
      <object_component id="oc-2fe">
         <name>.const</name>
         <load_address>0x609c</load_address>
         <run_address>0x609c</run_address>
         <size>0x70</size>
         <input_file_ref idref="fl-f"/>
      </object_component>
      <object_component id="oc-14e">
         <name>.const:g_pui32Xtals</name>
         <load_address>0x610c</load_address>
         <run_address>0x610c</run_address>
         <size>0x6c</size>
         <input_file_ref idref="fl-10"/>
      </object_component>
      <object_component id="oc-3b5">
         <name>.const:g_ppui32TimerIntMap</name>
         <load_address>0x6178</load_address>
         <run_address>0x6178</run_address>
         <size>0x60</size>
         <input_file_ref idref="fl-11"/>
      </object_component>
      <object_component id="oc-3b8">
         <name>.const:g_ppui32TimerIntMapSnowflake</name>
         <load_address>0x61d8</load_address>
         <run_address>0x61d8</run_address>
         <size>0x40</size>
         <input_file_ref idref="fl-11"/>
      </object_component>
      <object_component id="oc-3a6">
         <name>.const:g_ppui32UARTIntMap</name>
         <load_address>0x6218</load_address>
         <run_address>0x6218</run_address>
         <size>0x40</size>
         <input_file_ref idref="fl-12"/>
      </object_component>
      <object_component id="oc-3a9">
         <name>.const:g_ppui32UARTIntMapSnowflake</name>
         <load_address>0x6258</load_address>
         <run_address>0x6258</run_address>
         <size>0x40</size>
         <input_file_ref idref="fl-12"/>
      </object_component>
      <object_component id="oc-2a5">
         <name>.const:g_sXTALtoMEMTIM</name>
         <load_address>0x6298</load_address>
         <run_address>0x6298</run_address>
         <size>0x30</size>
         <input_file_ref idref="fl-10"/>
      </object_component>
      <object_component id="oc-154">
         <name>.const</name>
         <load_address>0x62c8</load_address>
         <run_address>0x62c8</run_address>
         <size>0x8</size>
         <input_file_ref idref="fl-10"/>
      </object_component>
      <object_component id="oc-ed">
         <name>.const:$P$T10$3</name>
         <load_address>0x62d0</load_address>
         <run_address>0x62d0</run_address>
         <size>0x4</size>
         <input_file_ref idref="fl-6"/>
      </object_component>
      <object_component id="oc-251">
         <name>.const:$P$T10$4</name>
         <load_address>0x62d4</load_address>
         <run_address>0x62d4</run_address>
         <size>0x4</size>
         <input_file_ref idref="fl-5"/>
      </object_component>
      <object_component id="oc-f0">
         <name>.const:$P$T11$4</name>
         <load_address>0x62d8</load_address>
         <run_address>0x62d8</run_address>
         <size>0x4</size>
         <input_file_ref idref="fl-6"/>
      </object_component>
      <object_component id="oc-254">
         <name>.const:$P$T11$5</name>
         <load_address>0x62dc</load_address>
         <run_address>0x62dc</run_address>
         <size>0x4</size>
         <input_file_ref idref="fl-5"/>
      </object_component>
      <object_component id="oc-f3">
         <name>.const:$P$T12$5</name>
         <load_address>0x62e0</load_address>
         <run_address>0x62e0</run_address>
         <size>0x4</size>
         <input_file_ref idref="fl-6"/>
      </object_component>
      <object_component id="oc-257">
         <name>.const:$P$T12$6</name>
         <load_address>0x62e4</load_address>
         <run_address>0x62e4</run_address>
         <size>0x4</size>
         <input_file_ref idref="fl-5"/>
      </object_component>
      <object_component id="oc-f6">
         <name>.const:$P$T13$6</name>
         <load_address>0x62e8</load_address>
         <run_address>0x62e8</run_address>
         <size>0x4</size>
         <input_file_ref idref="fl-6"/>
      </object_component>
      <object_component id="oc-f9">
         <name>.const:$P$T14$7</name>
         <load_address>0x62ec</load_address>
         <run_address>0x62ec</run_address>
         <size>0x4</size>
         <input_file_ref idref="fl-6"/>
      </object_component>
      <object_component id="oc-22f">
         <name>.const:$P$T3$1</name>
         <load_address>0x62f0</load_address>
         <run_address>0x62f0</run_address>
         <size>0x4</size>
         <input_file_ref idref="fl-5"/>
      </object_component>
      <object_component id="oc-232">
         <name>.const:$P$T4$2</name>
         <load_address>0x62f4</load_address>
         <run_address>0x62f4</run_address>
         <size>0x4</size>
         <input_file_ref idref="fl-5"/>
      </object_component>
      <object_component id="oc-24a">
         <name>.const:$P$T6$3</name>
         <load_address>0x62f8</load_address>
         <run_address>0x62f8</run_address>
         <size>0x4</size>
         <input_file_ref idref="fl-5"/>
      </object_component>
      <object_component id="oc-e7">
         <name>.const:$P$T8$1</name>
         <load_address>0x62fc</load_address>
         <run_address>0x62fc</run_address>
         <size>0x4</size>
         <input_file_ref idref="fl-6"/>
      </object_component>
      <object_component id="oc-ea">
         <name>.const:$P$T9$2</name>
         <load_address>0x6300</load_address>
         <run_address>0x6300</run_address>
         <size>0x4</size>
         <input_file_ref idref="fl-6"/>
      </object_component>
      <object_component id="oc-45a">
         <name>__TI_handler_table</name>
         <load_address>0x6308</load_address>
         <run_address>0x6308</run_address>
         <size>0xc</size>
      </object_component>
      <object_component id="oc-45e">
         <name>.cinit..bss.load</name>
         <load_address>0x6318</load_address>
         <run_address>0x6318</run_address>
         <size>0x8</size>
      </object_component>
      <object_component id="oc-45c">
         <name>.cinit..vtable.load</name>
         <load_address>0x6320</load_address>
         <run_address>0x6320</run_address>
         <size>0x8</size>
      </object_component>
      <object_component id="oc-45d">
         <name>.cinit..data.load</name>
         <load_address>0x6328</load_address>
         <run_address>0x6328</run_address>
         <size>0x7</size>
      </object_component>
      <object_component id="oc-45b">
         <name>__TI_cinit_table</name>
         <load_address>0x6330</load_address>
         <run_address>0x6330</run_address>
         <size>0x18</size>
      </object_component>
      <object_component id="oc-3ad">
         <name>.vtable</name>
         <uninitialized>true</uninitialized>
         <run_address>0x20000000</run_address>
         <size>0x26c</size>
         <input_file_ref idref="fl-f"/>
      </object_component>
      <object_component id="oc-349">
         <name>.data</name>
         <load_address>0x2000e494</load_address>
         <run_address>0x2000e494</run_address>
         <size>0x8</size>
         <input_file_ref idref="fl-2"/>
      </object_component>
      <object_component id="oc-229">
         <name>.data</name>
         <load_address>0x2000e4a0</load_address>
         <run_address>0x2000e4a0</run_address>
         <size>0x2</size>
         <input_file_ref idref="fl-5"/>
      </object_component>
      <object_component id="oc-423">
         <name>.data</name>
         <load_address>0x2000e49c</load_address>
         <run_address>0x2000e49c</run_address>
         <size>0x4</size>
         <input_file_ref idref="fl-d6"/>
      </object_component>
      <object_component id="oc-34c">
         <name>.common:ucPtr</name>
         <uninitialized>true</uninitialized>
         <run_address>0x2000e490</run_address>
         <size>0x4</size>
      </object_component>
      <object_component id="oc-219">
         <name>.common:puiDMAcontroltable</name>
         <uninitialized>true</uninitialized>
         <run_address>0x2000d948</run_address>
         <size>0x400</size>
      </object_component>
      <object_component id="oc-3df">
         <name>.common:SinResults</name>
         <uninitialized>true</uninitialized>
         <run_address>0x2000de48</run_address>
         <size>0x100</size>
      </object_component>
      <object_component id="oc-3db">
         <name>.common:CosResults</name>
         <uninitialized>true</uninitialized>
         <run_address>0x2000dd48</run_address>
         <size>0x100</size>
      </object_component>
      <object_component id="oc-25d">
         <name>.common:DiffSinResults</name>
         <uninitialized>true</uninitialized>
         <run_address>0x2000e048</run_address>
         <size>0x80</size>
      </object_component>
      <object_component id="oc-25a">
         <name>.common:DiffCosResults</name>
         <uninitialized>true</uninitialized>
         <run_address>0x2000dfc8</run_address>
         <size>0x80</size>
      </object_component>
      <object_component id="oc-3e9">
         <name>.common:negSinResults</name>
         <uninitialized>true</uninitialized>
         <run_address>0x2000e1c8</run_address>
         <size>0x80</size>
      </object_component>
      <object_component id="oc-3ea">
         <name>.common:posSinResults</name>
         <uninitialized>true</uninitialized>
         <run_address>0x2000e3c8</run_address>
         <size>0x80</size>
      </object_component>
      <object_component id="oc-3e6">
         <name>.common:negCosResults</name>
         <uninitialized>true</uninitialized>
         <run_address>0x2000e148</run_address>
         <size>0x80</size>
      </object_component>
      <object_component id="oc-3e7">
         <name>.common:posCosResults</name>
         <uninitialized>true</uninitialized>
         <run_address>0x2000e348</run_address>
         <size>0x80</size>
      </object_component>
      <object_component id="oc-3eb">
         <name>.common:SinOffset</name>
         <uninitialized>true</uninitialized>
         <run_address>0x2000e0c8</run_address>
         <size>0x80</size>
      </object_component>
      <object_component id="oc-3e8">
         <name>.common:CosOffset</name>
         <uninitialized>true</uninitialized>
         <run_address>0x2000df48</run_address>
         <size>0x80</size>
      </object_component>
      <object_component id="oc-3dc">
         <name>.common:ADCValues_SS0</name>
         <uninitialized>true</uninitialized>
         <run_address>0x2000e448</run_address>
         <size>0x20</size>
      </object_component>
      <object_component id="oc-3dd">
         <name>.common:ADCValues_SS1</name>
         <uninitialized>true</uninitialized>
         <run_address>0x2000e468</run_address>
         <size>0x10</size>
      </object_component>
      <object_component id="oc-3de">
         <name>.common:ADCValues_SS2</name>
         <uninitialized>true</uninitialized>
         <run_address>0x2000e478</run_address>
         <size>0x10</size>
      </object_component>
      <object_component id="oc-250">
         <name>.common:oldDiffSinResults</name>
         <uninitialized>true</uninitialized>
         <run_address>0x2000e2c8</run_address>
         <size>0x80</size>
      </object_component>
      <object_component id="oc-24d">
         <name>.common:oldDiffCosResults</name>
         <uninitialized>true</uninitialized>
         <run_address>0x2000e248</run_address>
         <size>0x80</size>
      </object_component>
      <object_component id="oc-e4">
         <name>.common:SysClock</name>
         <uninitialized>true</uninitialized>
         <run_address>0x2000e488</run_address>
         <size>0x4</size>
      </object_component>
      <object_component id="oc-235">
         <name>.common:ttable</name>
         <uninitialized>true</uninitialized>
         <run_address>0x2000e48c</run_address>
         <size>0x4</size>
      </object_component>
      <object_component id="oc-21">
         <name>.stack</name>
         <uninitialized>true</uninitialized>
         <run_address>0x20000270</run_address>
         <size>0x4</size>
         <input_file_ref idref="fl-d5"/>
      </object_component>
      <object_component id="oc-45f">
         <name>.stack</name>
         <uninitialized>true</uninitialized>
         <run_address>0x20000270</run_address>
         <size>0x0</size>
      </object_component>
      <object_component id="oc-b4">
         <name>.debug_info</name>
         <load_address>0x0</load_address>
         <run_address>0x0</run_address>
         <size>0x608</size>
         <input_file_ref idref="fl-2"/>
      </object_component>
      <object_component id="oc-34a">
         <name>.debug_info</name>
         <load_address>0x608</load_address>
         <run_address>0x608</run_address>
         <size>0xf3</size>
         <input_file_ref idref="fl-2"/>
      </object_component>
      <object_component id="oc-21d">
         <name>.debug_info</name>
         <load_address>0x6fb</load_address>
         <run_address>0x6fb</run_address>
         <size>0x3d9</size>
         <input_file_ref idref="fl-2"/>
      </object_component>
      <object_component id="oc-fd">
         <name>.debug_info</name>
         <load_address>0xad4</load_address>
         <run_address>0xad4</run_address>
         <size>0x152</size>
         <input_file_ref idref="fl-2"/>
      </object_component>
      <object_component id="oc-6d">
         <name>.debug_info</name>
         <load_address>0xc26</load_address>
         <run_address>0xc26</run_address>
         <size>0x26b</size>
         <input_file_ref idref="fl-2"/>
      </object_component>
      <object_component id="oc-af">
         <name>.debug_info</name>
         <load_address>0xe91</load_address>
         <run_address>0xe91</run_address>
         <size>0x8b</size>
         <input_file_ref idref="fl-2"/>
      </object_component>
      <object_component id="oc-aa">
         <name>.debug_info</name>
         <load_address>0xf1c</load_address>
         <run_address>0xf1c</run_address>
         <size>0x297</size>
         <input_file_ref idref="fl-2"/>
      </object_component>
      <object_component id="oc-72">
         <name>.debug_info</name>
         <load_address>0x11b3</load_address>
         <run_address>0x11b3</run_address>
         <size>0xbb</size>
         <input_file_ref idref="fl-2"/>
      </object_component>
      <object_component id="oc-bd">
         <name>.debug_info</name>
         <load_address>0x126e</load_address>
         <run_address>0x126e</run_address>
         <size>0x2c</size>
         <input_file_ref idref="fl-2"/>
      </object_component>
      <object_component id="oc-21a">
         <name>.debug_info</name>
         <load_address>0x129a</load_address>
         <run_address>0x129a</run_address>
         <size>0xa61</size>
         <input_file_ref idref="fl-3"/>
      </object_component>
      <object_component id="oc-d3">
         <name>.debug_info</name>
         <load_address>0x1cfb</load_address>
         <run_address>0x1cfb</run_address>
         <size>0x1948</size>
         <input_file_ref idref="fl-3"/>
      </object_component>
      <object_component id="oc-25b">
         <name>.debug_info</name>
         <load_address>0x3643</load_address>
         <run_address>0x3643</run_address>
         <size>0x6a7</size>
         <input_file_ref idref="fl-4"/>
      </object_component>
      <object_component id="oc-31a">
         <name>.debug_info</name>
         <load_address>0x3cea</load_address>
         <run_address>0x3cea</run_address>
         <size>0x446</size>
         <input_file_ref idref="fl-4"/>
      </object_component>
      <object_component id="oc-24e">
         <name>.debug_info</name>
         <load_address>0x4130</load_address>
         <run_address>0x4130</run_address>
         <size>0x3e3</size>
         <input_file_ref idref="fl-5"/>
      </object_component>
      <object_component id="oc-22d">
         <name>.debug_info</name>
         <load_address>0x4513</load_address>
         <run_address>0x4513</run_address>
         <size>0xee</size>
         <input_file_ref idref="fl-5"/>
      </object_component>
      <object_component id="oc-22a">
         <name>.debug_info</name>
         <load_address>0x4601</load_address>
         <run_address>0x4601</run_address>
         <size>0xe6</size>
         <input_file_ref idref="fl-5"/>
      </object_component>
      <object_component id="oc-230">
         <name>.debug_info</name>
         <load_address>0x46e7</load_address>
         <run_address>0x46e7</run_address>
         <size>0xe7</size>
         <input_file_ref idref="fl-5"/>
      </object_component>
      <object_component id="oc-233">
         <name>.debug_info</name>
         <load_address>0x47ce</load_address>
         <run_address>0x47ce</run_address>
         <size>0xe7</size>
         <input_file_ref idref="fl-5"/>
      </object_component>
      <object_component id="oc-24b">
         <name>.debug_info</name>
         <load_address>0x48b5</load_address>
         <run_address>0x48b5</run_address>
         <size>0xe8</size>
         <input_file_ref idref="fl-5"/>
      </object_component>
      <object_component id="oc-252">
         <name>.debug_info</name>
         <load_address>0x499d</load_address>
         <run_address>0x499d</run_address>
         <size>0xea</size>
         <input_file_ref idref="fl-5"/>
      </object_component>
      <object_component id="oc-255">
         <name>.debug_info</name>
         <load_address>0x4a87</load_address>
         <run_address>0x4a87</run_address>
         <size>0xea</size>
         <input_file_ref idref="fl-5"/>
      </object_component>
      <object_component id="oc-258">
         <name>.debug_info</name>
         <load_address>0x4b71</load_address>
         <run_address>0x4b71</run_address>
         <size>0xea</size>
         <input_file_ref idref="fl-5"/>
      </object_component>
      <object_component id="oc-d9">
         <name>.debug_info</name>
         <load_address>0x4c5b</load_address>
         <run_address>0x4c5b</run_address>
         <size>0x2ddd</size>
         <input_file_ref idref="fl-5"/>
      </object_component>
      <object_component id="oc-33">
         <name>.debug_info</name>
         <load_address>0x7a38</load_address>
         <run_address>0x7a38</run_address>
         <size>0x84</size>
         <input_file_ref idref="fl-5"/>
      </object_component>
      <object_component id="oc-e5">
         <name>.debug_info</name>
         <load_address>0x7abc</load_address>
         <run_address>0x7abc</run_address>
         <size>0x585</size>
         <input_file_ref idref="fl-6"/>
      </object_component>
      <object_component id="oc-e8">
         <name>.debug_info</name>
         <load_address>0x8041</load_address>
         <run_address>0x8041</run_address>
         <size>0xe1</size>
         <input_file_ref idref="fl-6"/>
      </object_component>
      <object_component id="oc-eb">
         <name>.debug_info</name>
         <load_address>0x8122</load_address>
         <run_address>0x8122</run_address>
         <size>0xe1</size>
         <input_file_ref idref="fl-6"/>
      </object_component>
      <object_component id="oc-ee">
         <name>.debug_info</name>
         <load_address>0x8203</load_address>
         <run_address>0x8203</run_address>
         <size>0xe3</size>
         <input_file_ref idref="fl-6"/>
      </object_component>
      <object_component id="oc-f1">
         <name>.debug_info</name>
         <load_address>0x82e6</load_address>
         <run_address>0x82e6</run_address>
         <size>0xe3</size>
         <input_file_ref idref="fl-6"/>
      </object_component>
      <object_component id="oc-f4">
         <name>.debug_info</name>
         <load_address>0x83c9</load_address>
         <run_address>0x83c9</run_address>
         <size>0xe3</size>
         <input_file_ref idref="fl-6"/>
      </object_component>
      <object_component id="oc-f7">
         <name>.debug_info</name>
         <load_address>0x84ac</load_address>
         <run_address>0x84ac</run_address>
         <size>0xe3</size>
         <input_file_ref idref="fl-6"/>
      </object_component>
      <object_component id="oc-fa">
         <name>.debug_info</name>
         <load_address>0x858f</load_address>
         <run_address>0x858f</run_address>
         <size>0xe3</size>
         <input_file_ref idref="fl-6"/>
      </object_component>
      <object_component id="oc-9b">
         <name>.debug_info</name>
         <load_address>0x8672</load_address>
         <run_address>0x8672</run_address>
         <size>0x319</size>
         <input_file_ref idref="fl-6"/>
      </object_component>
      <object_component id="oc-2c">
         <name>.debug_info</name>
         <load_address>0x898b</load_address>
         <run_address>0x898b</run_address>
         <size>0x2bf</size>
         <input_file_ref idref="fl-7"/>
      </object_component>
      <object_component id="oc-10">
         <name>.debug_info</name>
         <load_address>0x8c4a</load_address>
         <run_address>0x8c4a</run_address>
         <size>0xfe</size>
         <input_file_ref idref="fl-7"/>
      </object_component>
      <object_component id="oc-25">
         <name>.debug_info</name>
         <load_address>0x8d48</load_address>
         <run_address>0x8d48</run_address>
         <size>0x27d</size>
         <input_file_ref idref="fl-7"/>
      </object_component>
      <object_component id="oc-2bb">
         <name>.debug_info</name>
         <load_address>0x8fc5</load_address>
         <run_address>0x8fc5</run_address>
         <size>0x24d</size>
         <input_file_ref idref="fl-d"/>
      </object_component>
      <object_component id="oc-179">
         <name>.debug_info</name>
         <load_address>0x9212</load_address>
         <run_address>0x9212</run_address>
         <size>0x333</size>
         <input_file_ref idref="fl-d"/>
      </object_component>
      <object_component id="oc-17f">
         <name>.debug_info</name>
         <load_address>0x9545</load_address>
         <run_address>0x9545</run_address>
         <size>0x2a0</size>
         <input_file_ref idref="fl-d"/>
      </object_component>
      <object_component id="oc-3d7">
         <name>.debug_info</name>
         <load_address>0x97e5</load_address>
         <run_address>0x97e5</run_address>
         <size>0x2ff</size>
         <input_file_ref idref="fl-d"/>
      </object_component>
      <object_component id="oc-191">
         <name>.debug_info</name>
         <load_address>0x9ae4</load_address>
         <run_address>0x9ae4</run_address>
         <size>0x2a6</size>
         <input_file_ref idref="fl-d"/>
      </object_component>
      <object_component id="oc-173">
         <name>.debug_info</name>
         <load_address>0x9d8a</load_address>
         <run_address>0x9d8a</run_address>
         <size>0x326</size>
         <input_file_ref idref="fl-d"/>
      </object_component>
      <object_component id="oc-3c5">
         <name>.debug_info</name>
         <load_address>0xa0b0</load_address>
         <run_address>0xa0b0</run_address>
         <size>0x2a4</size>
         <input_file_ref idref="fl-d"/>
      </object_component>
      <object_component id="oc-3cb">
         <name>.debug_info</name>
         <load_address>0xa354</load_address>
         <run_address>0xa354</run_address>
         <size>0x2e7</size>
         <input_file_ref idref="fl-d"/>
      </object_component>
      <object_component id="oc-3d1">
         <name>.debug_info</name>
         <load_address>0xa63b</load_address>
         <run_address>0xa63b</run_address>
         <size>0x294</size>
         <input_file_ref idref="fl-d"/>
      </object_component>
      <object_component id="oc-158">
         <name>.debug_info</name>
         <load_address>0xa8cf</load_address>
         <run_address>0xa8cf</run_address>
         <size>0x18b</size>
         <input_file_ref idref="fl-d"/>
      </object_component>
      <object_component id="oc-2cb">
         <name>.debug_info</name>
         <load_address>0xaa5a</load_address>
         <run_address>0xaa5a</run_address>
         <size>0x240</size>
         <input_file_ref idref="fl-e"/>
      </object_component>
      <object_component id="oc-2c8">
         <name>.debug_info</name>
         <load_address>0xac9a</load_address>
         <run_address>0xac9a</run_address>
         <size>0x15b</size>
         <input_file_ref idref="fl-e"/>
      </object_component>
      <object_component id="oc-3c1">
         <name>.debug_info</name>
         <load_address>0xadf5</load_address>
         <run_address>0xadf5</run_address>
         <size>0x2a3</size>
         <input_file_ref idref="fl-e"/>
      </object_component>
      <object_component id="oc-2d0">
         <name>.debug_info</name>
         <load_address>0xb098</load_address>
         <run_address>0xb098</run_address>
         <size>0x2b3</size>
         <input_file_ref idref="fl-e"/>
      </object_component>
      <object_component id="oc-2d4">
         <name>.debug_info</name>
         <load_address>0xb34b</load_address>
         <run_address>0xb34b</run_address>
         <size>0x316</size>
         <input_file_ref idref="fl-e"/>
      </object_component>
      <object_component id="oc-1b5">
         <name>.debug_info</name>
         <load_address>0xb661</load_address>
         <run_address>0xb661</run_address>
         <size>0x27b</size>
         <input_file_ref idref="fl-e"/>
      </object_component>
      <object_component id="oc-1f7">
         <name>.debug_info</name>
         <load_address>0xb8dc</load_address>
         <run_address>0xb8dc</run_address>
         <size>0x2b7</size>
         <input_file_ref idref="fl-e"/>
      </object_component>
      <object_component id="oc-1af">
         <name>.debug_info</name>
         <load_address>0xbb93</load_address>
         <run_address>0xbb93</run_address>
         <size>0x280</size>
         <input_file_ref idref="fl-e"/>
      </object_component>
      <object_component id="oc-2ec">
         <name>.debug_info</name>
         <load_address>0xbe13</load_address>
         <run_address>0xbe13</run_address>
         <size>0x20e</size>
         <input_file_ref idref="fl-f"/>
      </object_component>
      <object_component id="oc-2ff">
         <name>.debug_info</name>
         <load_address>0xc021</load_address>
         <run_address>0xc021</run_address>
         <size>0x210</size>
         <input_file_ref idref="fl-f"/>
      </object_component>
      <object_component id="oc-2e9">
         <name>.debug_info</name>
         <load_address>0xc231</load_address>
         <run_address>0xc231</run_address>
         <size>0x14e</size>
         <input_file_ref idref="fl-f"/>
      </object_component>
      <object_component id="oc-3ae">
         <name>.debug_info</name>
         <load_address>0xc37f</load_address>
         <run_address>0xc37f</run_address>
         <size>0x157</size>
         <input_file_ref idref="fl-f"/>
      </object_component>
      <object_component id="oc-2f8">
         <name>.debug_info</name>
         <load_address>0xc4d6</load_address>
         <run_address>0xc4d6</run_address>
         <size>0x2c1</size>
         <input_file_ref idref="fl-f"/>
      </object_component>
      <object_component id="oc-1c6">
         <name>.debug_info</name>
         <load_address>0xc797</load_address>
         <run_address>0xc797</run_address>
         <size>0x2c9</size>
         <input_file_ref idref="fl-f"/>
      </object_component>
      <object_component id="oc-e0">
         <name>.debug_info</name>
         <load_address>0xca60</load_address>
         <run_address>0xca60</run_address>
         <size>0x23e</size>
         <input_file_ref idref="fl-f"/>
      </object_component>
      <object_component id="oc-ce">
         <name>.debug_info</name>
         <load_address>0xcc9e</load_address>
         <run_address>0xcc9e</run_address>
         <size>0x240</size>
         <input_file_ref idref="fl-f"/>
      </object_component>
      <object_component id="oc-1ea">
         <name>.debug_info</name>
         <load_address>0xcede</load_address>
         <run_address>0xcede</run_address>
         <size>0x268</size>
         <input_file_ref idref="fl-f"/>
      </object_component>
      <object_component id="oc-15d">
         <name>.debug_info</name>
         <load_address>0xd146</load_address>
         <run_address>0xd146</run_address>
         <size>0x298</size>
         <input_file_ref idref="fl-10"/>
      </object_component>
      <object_component id="oc-14f">
         <name>.debug_info</name>
         <load_address>0xd3de</load_address>
         <run_address>0xd3de</run_address>
         <size>0x14d</size>
         <input_file_ref idref="fl-10"/>
      </object_component>
      <object_component id="oc-152">
         <name>.debug_info</name>
         <load_address>0xd52b</load_address>
         <run_address>0xd52b</run_address>
         <size>0x159</size>
         <input_file_ref idref="fl-10"/>
      </object_component>
      <object_component id="oc-2a6">
         <name>.debug_info</name>
         <load_address>0xd684</load_address>
         <run_address>0xd684</run_address>
         <size>0x153</size>
         <input_file_ref idref="fl-10"/>
      </object_component>
      <object_component id="oc-155">
         <name>.debug_info</name>
         <load_address>0xd7d7</load_address>
         <run_address>0xd7d7</run_address>
         <size>0x160</size>
         <input_file_ref idref="fl-10"/>
      </object_component>
      <object_component id="oc-16c">
         <name>.debug_info</name>
         <load_address>0xd937</load_address>
         <run_address>0xd937</run_address>
         <size>0x27f</size>
         <input_file_ref idref="fl-10"/>
      </object_component>
      <object_component id="oc-166">
         <name>.debug_info</name>
         <load_address>0xdbb6</load_address>
         <run_address>0xdbb6</run_address>
         <size>0x27d</size>
         <input_file_ref idref="fl-10"/>
      </object_component>
      <object_component id="oc-143">
         <name>.debug_info</name>
         <load_address>0xde33</load_address>
         <run_address>0xde33</run_address>
         <size>0x270</size>
         <input_file_ref idref="fl-10"/>
      </object_component>
      <object_component id="oc-149">
         <name>.debug_info</name>
         <load_address>0xe0a3</load_address>
         <run_address>0xe0a3</run_address>
         <size>0x2ba</size>
         <input_file_ref idref="fl-10"/>
      </object_component>
      <object_component id="oc-c7">
         <name>.debug_info</name>
         <load_address>0xe35d</load_address>
         <run_address>0xe35d</run_address>
         <size>0x49a</size>
         <input_file_ref idref="fl-10"/>
      </object_component>
      <object_component id="oc-2b2">
         <name>.debug_info</name>
         <load_address>0xe7f7</load_address>
         <run_address>0xe7f7</run_address>
         <size>0x5f</size>
         <input_file_ref idref="fl-10"/>
      </object_component>
      <object_component id="oc-305">
         <name>.debug_info</name>
         <load_address>0xe856</load_address>
         <run_address>0xe856</run_address>
         <size>0x223</size>
         <input_file_ref idref="fl-11"/>
      </object_component>
      <object_component id="oc-3b6">
         <name>.debug_info</name>
         <load_address>0xea79</load_address>
         <run_address>0xea79</run_address>
         <size>0x15a</size>
         <input_file_ref idref="fl-11"/>
      </object_component>
      <object_component id="oc-3b9">
         <name>.debug_info</name>
         <load_address>0xebd3</load_address>
         <run_address>0xebd3</run_address>
         <size>0x16c</size>
         <input_file_ref idref="fl-11"/>
      </object_component>
      <object_component id="oc-203">
         <name>.debug_info</name>
         <load_address>0xed3f</load_address>
         <run_address>0xed3f</run_address>
         <size>0x2ba</size>
         <input_file_ref idref="fl-11"/>
      </object_component>
      <object_component id="oc-309">
         <name>.debug_info</name>
         <load_address>0xeff9</load_address>
         <run_address>0xeff9</run_address>
         <size>0x2eb</size>
         <input_file_ref idref="fl-11"/>
      </object_component>
      <object_component id="oc-20e">
         <name>.debug_info</name>
         <load_address>0xf2e4</load_address>
         <run_address>0xf2e4</run_address>
         <size>0x2e4</size>
         <input_file_ref idref="fl-11"/>
      </object_component>
      <object_component id="oc-214">
         <name>.debug_info</name>
         <load_address>0xf5c8</load_address>
         <run_address>0xf5c8</run_address>
         <size>0x294</size>
         <input_file_ref idref="fl-11"/>
      </object_component>
      <object_component id="oc-313">
         <name>.debug_info</name>
         <load_address>0xf85c</load_address>
         <run_address>0xf85c</run_address>
         <size>0x292</size>
         <input_file_ref idref="fl-11"/>
      </object_component>
      <object_component id="oc-208">
         <name>.debug_info</name>
         <load_address>0xfaee</load_address>
         <run_address>0xfaee</run_address>
         <size>0x27f</size>
         <input_file_ref idref="fl-11"/>
      </object_component>
      <object_component id="oc-33d">
         <name>.debug_info</name>
         <load_address>0xfd6d</load_address>
         <run_address>0xfd6d</run_address>
         <size>0x281</size>
         <input_file_ref idref="fl-11"/>
      </object_component>
      <object_component id="oc-1fc">
         <name>.debug_info</name>
         <load_address>0xffee</load_address>
         <run_address>0xffee</run_address>
         <size>0x28c</size>
         <input_file_ref idref="fl-11"/>
      </object_component>
      <object_component id="oc-2e6">
         <name>.debug_info</name>
         <load_address>0x1027a</load_address>
         <run_address>0x1027a</run_address>
         <size>0x227</size>
         <input_file_ref idref="fl-12"/>
      </object_component>
      <object_component id="oc-3a7">
         <name>.debug_info</name>
         <load_address>0x104a1</load_address>
         <run_address>0x104a1</run_address>
         <size>0x157</size>
         <input_file_ref idref="fl-12"/>
      </object_component>
      <object_component id="oc-3aa">
         <name>.debug_info</name>
         <load_address>0x105f8</load_address>
         <run_address>0x105f8</run_address>
         <size>0x169</size>
         <input_file_ref idref="fl-12"/>
      </object_component>
      <object_component id="oc-1d9">
         <name>.debug_info</name>
         <load_address>0x10761</load_address>
         <run_address>0x10761</run_address>
         <size>0x285</size>
         <input_file_ref idref="fl-12"/>
      </object_component>
      <object_component id="oc-2f2">
         <name>.debug_info</name>
         <load_address>0x109e6</load_address>
         <run_address>0x109e6</run_address>
         <size>0x27e</size>
         <input_file_ref idref="fl-12"/>
      </object_component>
      <object_component id="oc-326">
         <name>.debug_info</name>
         <load_address>0x10c64</load_address>
         <run_address>0x10c64</run_address>
         <size>0x27f</size>
         <input_file_ref idref="fl-12"/>
      </object_component>
      <object_component id="oc-1df">
         <name>.debug_info</name>
         <load_address>0x10ee3</load_address>
         <run_address>0x10ee3</run_address>
         <size>0x2c3</size>
         <input_file_ref idref="fl-12"/>
      </object_component>
      <object_component id="oc-1cd">
         <name>.debug_info</name>
         <load_address>0x111a6</load_address>
         <run_address>0x111a6</run_address>
         <size>0x28f</size>
         <input_file_ref idref="fl-12"/>
      </object_component>
      <object_component id="oc-32c">
         <name>.debug_info</name>
         <load_address>0x11435</load_address>
         <run_address>0x11435</run_address>
         <size>0x28d</size>
         <input_file_ref idref="fl-12"/>
      </object_component>
      <object_component id="oc-1d3">
         <name>.debug_info</name>
         <load_address>0x116c2</load_address>
         <run_address>0x116c2</run_address>
         <size>0x2cf</size>
         <input_file_ref idref="fl-12"/>
      </object_component>
      <object_component id="oc-1c1">
         <name>.debug_info</name>
         <load_address>0x11991</load_address>
         <run_address>0x11991</run_address>
         <size>0x24f</size>
         <input_file_ref idref="fl-12"/>
      </object_component>
      <object_component id="oc-344">
         <name>.debug_info</name>
         <load_address>0x11be0</load_address>
         <run_address>0x11be0</run_address>
         <size>0x251</size>
         <input_file_ref idref="fl-12"/>
      </object_component>
      <object_component id="oc-2e1">
         <name>.debug_info</name>
         <load_address>0x11e31</load_address>
         <run_address>0x11e31</run_address>
         <size>0x247</size>
         <input_file_ref idref="fl-12"/>
      </object_component>
      <object_component id="oc-2db">
         <name>.debug_info</name>
         <load_address>0x12078</load_address>
         <run_address>0x12078</run_address>
         <size>0x249</size>
         <input_file_ref idref="fl-12"/>
      </object_component>
      <object_component id="oc-1e5">
         <name>.debug_info</name>
         <load_address>0x122c1</load_address>
         <run_address>0x122c1</run_address>
         <size>0x28f</size>
         <input_file_ref idref="fl-12"/>
      </object_component>
      <object_component id="oc-1bb">
         <name>.debug_info</name>
         <load_address>0x12550</load_address>
         <run_address>0x12550</run_address>
         <size>0x326</size>
         <input_file_ref idref="fl-12"/>
      </object_component>
      <object_component id="oc-338">
         <name>.debug_info</name>
         <load_address>0x12876</load_address>
         <run_address>0x12876</run_address>
         <size>0x253</size>
         <input_file_ref idref="fl-12"/>
      </object_component>
      <object_component id="oc-320">
         <name>.debug_info</name>
         <load_address>0x12ac9</load_address>
         <run_address>0x12ac9</run_address>
         <size>0x28d</size>
         <input_file_ref idref="fl-12"/>
      </object_component>
      <object_component id="oc-332">
         <name>.debug_info</name>
         <load_address>0x12d56</load_address>
         <run_address>0x12d56</run_address>
         <size>0x24d</size>
         <input_file_ref idref="fl-12"/>
      </object_component>
      <object_component id="oc-2c1">
         <name>.debug_info</name>
         <load_address>0x12fa3</load_address>
         <run_address>0x12fa3</run_address>
         <size>0x1fa</size>
         <input_file_ref idref="fl-13"/>
      </object_component>
      <object_component id="oc-184">
         <name>.debug_info</name>
         <load_address>0x1319d</load_address>
         <run_address>0x1319d</run_address>
         <size>0x212</size>
         <input_file_ref idref="fl-13"/>
      </object_component>
      <object_component id="oc-18a">
         <name>.debug_info</name>
         <load_address>0x133af</load_address>
         <run_address>0x133af</run_address>
         <size>0x26c</size>
         <input_file_ref idref="fl-13"/>
      </object_component>
      <object_component id="oc-1f0">
         <name>.debug_info</name>
         <load_address>0x1361b</load_address>
         <run_address>0x1361b</run_address>
         <size>0x26f</size>
         <input_file_ref idref="fl-13"/>
      </object_component>
      <object_component id="oc-1a8">
         <name>.debug_info</name>
         <load_address>0x1388a</load_address>
         <run_address>0x1388a</run_address>
         <size>0x26a</size>
         <input_file_ref idref="fl-13"/>
      </object_component>
      <object_component id="oc-1a3">
         <name>.debug_info</name>
         <load_address>0x13af4</load_address>
         <run_address>0x13af4</run_address>
         <size>0x2e6</size>
         <input_file_ref idref="fl-13"/>
      </object_component>
      <object_component id="oc-19e">
         <name>.debug_info</name>
         <load_address>0x13dda</load_address>
         <run_address>0x13dda</run_address>
         <size>0x2b1</size>
         <input_file_ref idref="fl-13"/>
      </object_component>
      <object_component id="oc-197">
         <name>.debug_info</name>
         <load_address>0x1408b</load_address>
         <run_address>0x1408b</run_address>
         <size>0x2b3</size>
         <input_file_ref idref="fl-13"/>
      </object_component>
      <object_component id="oc-393">
         <name>.debug_info</name>
         <load_address>0x1433e</load_address>
         <run_address>0x1433e</run_address>
         <size>0x86</size>
         <input_file_ref idref="fl-13"/>
      </object_component>
      <object_component id="oc-26f">
         <name>.debug_info</name>
         <load_address>0x143c4</load_address>
         <run_address>0x143c4</run_address>
         <size>0x212</size>
         <input_file_ref idref="fl-14"/>
      </object_component>
      <object_component id="oc-160">
         <name>.debug_info</name>
         <load_address>0x145d6</load_address>
         <run_address>0x145d6</run_address>
         <size>0x20f</size>
         <input_file_ref idref="fl-14"/>
      </object_component>
      <object_component id="oc-422">
         <name>.debug_info</name>
         <load_address>0x147e5</load_address>
         <run_address>0x147e5</run_address>
         <size>0x2c9</size>
         <input_file_ref idref="fl-ca"/>
      </object_component>
      <object_component id="oc-3e1">
         <name>.debug_info</name>
         <load_address>0x14aae</load_address>
         <run_address>0x14aae</run_address>
         <size>0x24c</size>
         <input_file_ref idref="fl-ca"/>
      </object_component>
      <object_component id="oc-428">
         <name>.debug_info</name>
         <load_address>0x14cfa</load_address>
         <run_address>0x14cfa</run_address>
         <size>0x46</size>
         <input_file_ref idref="fl-ca"/>
      </object_component>
      <object_component id="oc-41d">
         <name>.debug_info</name>
         <load_address>0x14d40</load_address>
         <run_address>0x14d40</run_address>
         <size>0x39</size>
         <input_file_ref idref="fl-ca"/>
      </object_component>
      <object_component id="oc-246">
         <name>.debug_info</name>
         <load_address>0x14d79</load_address>
         <run_address>0x14d79</run_address>
         <size>0x14b</size>
         <input_file_ref idref="fl-cb"/>
      </object_component>
      <object_component id="oc-241">
         <name>.debug_info</name>
         <load_address>0x14ec4</load_address>
         <run_address>0x14ec4</run_address>
         <size>0x127</size>
         <input_file_ref idref="fl-cc"/>
      </object_component>
      <object_component id="oc-25f">
         <name>.debug_info</name>
         <load_address>0x14feb</load_address>
         <run_address>0x14feb</run_address>
         <size>0x129</size>
         <input_file_ref idref="fl-cc"/>
      </object_component>
      <object_component id="oc-23c">
         <name>.debug_info</name>
         <load_address>0x15114</load_address>
         <run_address>0x15114</run_address>
         <size>0x139</size>
         <input_file_ref idref="fl-cd"/>
      </object_component>
      <object_component id="oc-265">
         <name>.debug_info</name>
         <load_address>0x1524d</load_address>
         <run_address>0x1524d</run_address>
         <size>0x139</size>
         <input_file_ref idref="fl-ce"/>
      </object_component>
      <object_component id="oc-269">
         <name>.debug_info</name>
         <load_address>0x15386</load_address>
         <run_address>0x15386</run_address>
         <size>0x12d</size>
         <input_file_ref idref="fl-cf"/>
      </object_component>
      <object_component id="oc-238">
         <name>.debug_info</name>
         <load_address>0x154b3</load_address>
         <run_address>0x154b3</run_address>
         <size>0x12b</size>
         <input_file_ref idref="fl-d0"/>
      </object_component>
      <object_component id="oc-8b">
         <name>.debug_info</name>
         <load_address>0x155de</load_address>
         <run_address>0x155de</run_address>
         <size>0x2d3</size>
         <input_file_ref idref="fl-d1"/>
      </object_component>
      <object_component id="oc-4b">
         <name>.debug_info</name>
         <load_address>0x158b1</load_address>
         <run_address>0x158b1</run_address>
         <size>0x1b4</size>
         <input_file_ref idref="fl-d1"/>
      </object_component>
      <object_component id="oc-86">
         <name>.debug_info</name>
         <load_address>0x15a65</load_address>
         <run_address>0x15a65</run_address>
         <size>0x46</size>
         <input_file_ref idref="fl-d1"/>
      </object_component>
      <object_component id="oc-43">
         <name>.debug_info</name>
         <load_address>0x15aab</load_address>
         <run_address>0x15aab</run_address>
         <size>0x2a7</size>
         <input_file_ref idref="fl-d2"/>
      </object_component>
      <object_component id="oc-19">
         <name>.debug_info</name>
         <load_address>0x15d52</load_address>
         <run_address>0x15d52</run_address>
         <size>0x1e9</size>
         <input_file_ref idref="fl-d2"/>
      </object_component>
      <object_component id="oc-3e">
         <name>.debug_info</name>
         <load_address>0x15f3b</load_address>
         <run_address>0x15f3b</run_address>
         <size>0x46</size>
         <input_file_ref idref="fl-d2"/>
      </object_component>
      <object_component id="oc-7e">
         <name>.debug_info</name>
         <load_address>0x15f81</load_address>
         <run_address>0x15f81</run_address>
         <size>0x2c</size>
         <input_file_ref idref="fl-d2"/>
      </object_component>
      <object_component id="oc-7c">
         <name>.debug_info</name>
         <load_address>0x15fad</load_address>
         <run_address>0x15fad</run_address>
         <size>0x29d</size>
         <input_file_ref idref="fl-d3"/>
      </object_component>
      <object_component id="oc-13">
         <name>.debug_info</name>
         <load_address>0x1624a</load_address>
         <run_address>0x1624a</run_address>
         <size>0x24f</size>
         <input_file_ref idref="fl-d3"/>
      </object_component>
      <object_component id="oc-2e">
         <name>.debug_info</name>
         <load_address>0x16499</load_address>
         <run_address>0x16499</run_address>
         <size>0x60</size>
         <input_file_ref idref="fl-d3"/>
      </object_component>
      <object_component id="oc-b6">
         <name>.debug_info</name>
         <load_address>0x164f9</load_address>
         <run_address>0x164f9</run_address>
         <size>0x46</size>
         <input_file_ref idref="fl-d3"/>
      </object_component>
      <object_component id="oc-77">
         <name>.debug_info</name>
         <load_address>0x1653f</load_address>
         <run_address>0x1653f</run_address>
         <size>0x39</size>
         <input_file_ref idref="fl-d3"/>
      </object_component>
      <object_component id="oc-34f">
         <name>.debug_info</name>
         <load_address>0x16578</load_address>
         <run_address>0x16578</run_address>
         <size>0x28e</size>
         <input_file_ref idref="fl-d4"/>
      </object_component>
      <object_component id="oc-226">
         <name>.debug_info</name>
         <load_address>0x16806</load_address>
         <run_address>0x16806</run_address>
         <size>0x240</size>
         <input_file_ref idref="fl-d4"/>
      </object_component>
      <object_component id="oc-22">
         <name>.debug_info</name>
         <load_address>0x16a46</load_address>
         <run_address>0x16a46</run_address>
         <size>0x10a</size>
         <input_file_ref idref="fl-d5"/>
      </object_component>
      <object_component id="oc-57">
         <name>.debug_info</name>
[...]
         <value>0xf37</value>
         <object_component_ref idref="oc-d8"/>
      </symbol>
      <symbol id="sm-218">
         <name>TFT_Write_Command_Ptr</name>
         <value>0x49d</value>
         <object_component_ref idref="oc-d8"/>
      </symbol>
      <symbol id="sm-219">
         <name>write_line_0_degree</name>
         <value>0xbb9</value>
         <object_component_ref idref="oc-d8"/>
      </symbol>
      <symbol id="sm-21a">
         <name>write_line_180_degree</name>
         <value>0xc61</value>
         <object_component_ref idref="oc-d8"/>
      </symbol>
      <symbol id="sm-21b">
         <name>write_line_quadrant_3_II</name>
         <value>0x10c1</value>
         <object_component_ref idref="oc-d8"/>
      </symbol>
      <symbol id="sm-21c">
         <name>write_data</name>
         <value>0x4bd</value>
         <object_component_ref idref="oc-d8"/>
      </symbol>
      <symbol id="sm-21d">
         <name>write_line</name>
         <value>0x699</value>
         <object_component_ref idref="oc-d8"/>
      </symbol>
      <symbol id="sm-21e">
         <name>darstellung_display</name>
         <value>0x5a1</value>
         <object_component_ref idref="oc-d8"/>
      </symbol>
      <symbol id="sm-21f">
         <name>write_line_quadrant_2_I</name>
         <value>0xe7d</value>
         <object_component_ref idref="oc-d8"/>
      </symbol>
      <symbol id="sm-220">
         <name>lcd_write_table</name>
         <value>0x5c1</value>
         <object_component_ref idref="oc-d8"/>
      </symbol>
      <symbol id="sm-221">
         <name>write_line_normal</name>
         <value>0x1541</value>
         <object_component_ref idref="oc-d8"/>
      </symbol>
      <symbol id="sm-222">
         <name>write_line_quadrant_4_II</name>
         <value>0x1235</value>
         <object_component_ref idref="oc-d8"/>
      </symbol>
      <symbol id="sm-223">
         <name>screen_show_nr</name>
         <value>0x209</value>
         <object_component_ref idref="oc-d8"/>
      </symbol>
      <symbol id="sm-224">
         <name>write_cmd_data</name>
         <value>0x47d</value>
         <object_component_ref idref="oc-d8"/>
      </symbol>
      <symbol id="sm-225">
         <name>write_line_quadrant_3_I</name>
         <value>0xff1</value>
         <object_component_ref idref="oc-d8"/>
      </symbol>
      <symbol id="sm-226">
         <name>print_string</name>
         <value>0x2fd</value>
         <object_component_ref idref="oc-d8"/>
      </symbol>
      <symbol id="sm-227">
         <name>offset</name>
         <value>0x2000e4a0</value>
         <object_component_ref idref="oc-229"/>
      </symbol>
      <symbol id="sm-228">
         <name>write_command</name>
         <value>0x43d</value>
         <object_component_ref idref="oc-d8"/>
      </symbol>
      <symbol id="sm-229">
         <name>write_line_90_degree</name>
         <value>0xc0d</value>
         <object_component_ref idref="oc-d8"/>
      </symbol>
      <symbol id="sm-22a">
         <name>TFT_Set_Index_Ptr</name>
         <value>0x45d</value>
         <object_component_ref idref="oc-d8"/>
      </symbol>
      <symbol id="sm-22b">
         <name>write_position</name>
         <value>0x503</value>
         <object_component_ref idref="oc-d8"/>
      </symbol>
      <symbol id="sm-22c">
         <name>draw_display</name>
         <value>0x1301</value>
         <object_component_ref idref="oc-d8"/>
      </symbol>
      <symbol id="sm-22d">
         <name>write_line_quadrant_4_I</name>
         <value>0x117b</value>
         <object_component_ref idref="oc-d8"/>
      </symbol>
      <symbol id="sm-22e">
         <name>write_screen_color</name>
         <value>0x3c9</value>
         <object_component_ref idref="oc-d8"/>
      </symbol>
      <symbol id="sm-22f">
         <name>write_line_quadrant_1_II</name>
         <value>0xdc3</value>
         <object_component_ref idref="oc-d8"/>
      </symbol>
      <symbol id="sm-230">
         <name>write_char</name>
         <value>0x253</value>
         <object_component_ref idref="oc-d8"/>
      </symbol>
      <symbol id="sm-231">
         <name>screen_write_nr</name>
         <value>0x239</value>
         <object_component_ref idref="oc-d8"/>
      </symbol>
      <symbol id="sm-232">
         <name>write_line_270_degree</name>
         <value>0xcb5</value>
         <object_component_ref idref="oc-d8"/>
      </symbol>
      <symbol id="sm-233">
         <name>font_12_16</name>
         <value>0x3dc0</value>
         <object_component_ref idref="oc-22c"/>
      </symbol>
      <symbol id="sm-234">
         <name>write_line_quadrant_1_I</name>
         <value>0xd09</value>
         <object_component_ref idref="oc-d8"/>
      </symbol>
      <symbol id="sm-281">
         <name>SysClock</name>
         <value>0x2000e488</value>
      </symbol>
      <symbol id="sm-282">
         <name>ttable</name>
         <value>0x2000e48c</value>
      </symbol>
      <symbol id="sm-283">
         <name>main</name>
         <value>0x30e1</value>
         <object_component_ref idref="oc-98"/>
      </symbol>
      <symbol id="sm-29f">
         <name>ResetISR</name>
         <value>0x3d2f</value>
         <object_component_ref idref="oc-24"/>
      </symbol>
      <symbol id="sm-2a0">
         <name>g_pfnVectors</name>
         <value>0x0</value>
         <object_component_ref idref="oc-f"/>
      </symbol>
      <symbol id="sm-2f3">
         <name>ADCProcessorTrigger</name>
         <value>0x3b87</value>
         <object_component_ref idref="oc-3c3"/>
      </symbol>
      <symbol id="sm-2f4">
         <name>ADCSequenceDMAEnable</name>
         <value>0x3c79</value>
         <object_component_ref idref="oc-18f"/>
      </symbol>
      <symbol id="sm-2f5">
         <name>ADCSequenceEnable</name>
         <value>0x3cb9</value>
         <object_component_ref idref="oc-17d"/>
      </symbol>
      <symbol id="sm-2f6">
         <name>ADCSequenceConfigure</name>
         <value>0x36b5</value>
         <object_component_ref idref="oc-171"/>
      </symbol>
      <symbol id="sm-2f7">
         <name>ADCSequenceStepConfigure</name>
         <value>0x3491</value>
         <object_component_ref idref="oc-177"/>
      </symbol>
      <symbol id="sm-2f8">
         <name>ADCIntClear</name>
         <value>0x3d49</value>
         <object_component_ref idref="oc-3cf"/>
      </symbol>
      <symbol id="sm-2f9">
         <name>ADCIntStatus</name>
         <value>0x3a59</value>
         <object_component_ref idref="oc-3c9"/>
      </symbol>
      <symbol id="sm-2fa">
         <name>ADCSequenceDataGet</name>
         <value>0x3b69</value>
         <object_component_ref idref="oc-3d5"/>
      </symbol>
      <symbol id="sm-33c">
         <name>GPIOPinConfigure</name>
         <value>0x3751</value>
         <object_component_ref idref="oc-1ad"/>
      </symbol>
      <symbol id="sm-33d">
         <name>GPIOPinTypeUART</name>
         <value>0x3c55</value>
         <object_component_ref idref="oc-1b3"/>
      </symbol>
      <symbol id="sm-33e">
         <name>GPIOPinTypeGPIOOutput</name>
         <value>0x3b9f</value>
         <object_component_ref idref="oc-1f5"/>
      </symbol>
      <symbol id="sm-33f">
         <name>GPIODirModeSet</name>
         <value>0x3ab5</value>
         <object_component_ref idref="oc-2cc"/>
      </symbol>
      <symbol id="sm-340">
         <name>GPIOPinWrite</name>
         <value>0x3d9d</value>
         <object_component_ref idref="oc-3bd"/>
      </symbol>
      <symbol id="sm-341">
         <name>GPIOPadConfigSet</name>
         <value>0x2faf</value>
         <object_component_ref idref="oc-2d2"/>
      </symbol>
      <symbol id="sm-39d">
         <name>IntPrioritySet</name>
         <value>0x3ae1</value>
         <object_component_ref idref="oc-1c5"/>
      </symbol>
      <symbol id="sm-39e">
         <name>IntEnable</name>
         <value>0x3585</value>
         <object_component_ref idref="oc-1e9"/>
      </symbol>
      <symbol id="sm-39f">
         <name>IntRegister</name>
         <value>0x39bd</value>
         <object_component_ref idref="oc-2f6"/>
      </symbol>
      <symbol id="sm-3a0">
         <name>IntMasterDisable</name>
         <value>0x3c89</value>
         <object_component_ref idref="oc-cc"/>
      </symbol>
      <symbol id="sm-3a1">
         <name>g_pfnRAMVectors</name>
         <value>0x20000000</value>
         <object_component_ref idref="oc-3ad"/>
      </symbol>
      <symbol id="sm-3a2">
         <name>IntMasterEnable</name>
         <value>0x3c99</value>
         <object_component_ref idref="oc-de"/>
      </symbol>
      <symbol id="sm-41e">
         <name>SysCtlDelay</name>
         <value>0x3da3</value>
         <object_component_ref idref="oc-348"/>
      </symbol>
      <symbol id="sm-41f">
         <name>SysCtlPeripheralEnable</name>
         <value>0x39f1</value>
         <object_component_ref idref="oc-165"/>
      </symbol>
      <symbol id="sm-420">
         <name>SysCtlPeripheralReady</name>
         <value>0x3985</value>
         <object_component_ref idref="oc-16b"/>
      </symbol>
      <symbol id="sm-421">
         <name>SysCtlClockFreqSet</name>
         <value>0x27b1</value>
         <object_component_ref idref="oc-c6"/>
      </symbol>
      <symbol id="sm-486">
         <name>TimerLoadSet</name>
         <value>0x3c67</value>
         <object_component_ref idref="oc-201"/>
      </symbol>
      <symbol id="sm-487">
         <name>TimerDisable</name>
         <value>0x3bb9</value>
         <object_component_ref idref="oc-33c"/>
      </symbol>
      <symbol id="sm-488">
         <name>TimerIntRegister</name>
         <value>0x3bd1</value>
         <object_component_ref idref="oc-20d"/>
      </symbol>
      <symbol id="sm-489">
         <name>TimerEnable</name>
         <value>0x3cc7</value>
         <object_component_ref idref="oc-207"/>
      </symbol>
      <symbol id="sm-48a">
         <name>TimerIntEnable</name>
         <value>0x3d7b</value>
         <object_component_ref idref="oc-213"/>
      </symbol>
      <symbol id="sm-48b">
         <name>TimerConfigure</name>
         <value>0x3655</value>
         <object_component_ref idref="oc-1fb"/>
      </symbol>
      <symbol id="sm-48c">
         <name>TimerIntClear</name>
         <value>0x3daf</value>
         <object_component_ref idref="oc-312"/>
      </symbol>
      <symbol id="sm-52d">
         <name>UARTCharPutNonBlocking</name>
         <value>0x3cd5</value>
         <object_component_ref idref="oc-31e"/>
      </symbol>
      <symbol id="sm-52e">
         <name>UARTDMAEnable</name>
         <value>0x3d83</value>
         <object_component_ref idref="oc-1e3"/>
      </symbol>
      <symbol id="sm-52f">
         <name>UARTTxIntModeSet</name>
         <value>0x3d17</value>
         <object_component_ref idref="oc-1d7"/>
      </symbol>
      <symbol id="sm-530">
         <name>UARTFIFODisable</name>
         <value>0x3d5d</value>
         <object_component_ref idref="oc-342"/>
      </symbol>
      <symbol id="sm-531">
         <name>UARTConfigSetExpClk</name>
         <value>0x38b9</value>
         <object_component_ref idref="oc-1b9"/>
      </symbol>
      <symbol id="sm-532">
         <name>UARTDisable</name>
         <value>0x3b29</value>
         <object_component_ref idref="oc-2d9"/>
      </symbol>
      <symbol id="sm-533">
         <name>UARTIntEnable</name>
         <value>0x3d8b</value>
         <object_component_ref idref="oc-1cb"/>
      </symbol>
      <symbol id="sm-534">
         <name>UARTCharsAvail</name>
         <value>0x3ce3</value>
         <object_component_ref idref="oc-336"/>
      </symbol>
      <symbol id="sm-535">
         <name>UARTEnable</name>
         <value>0x3c19</value>
         <object_component_ref idref="oc-2df"/>
      </symbol>
      <symbol id="sm-536">
         <name>UARTFIFOEnable</name>
         <value>0x3d67</value>
         <object_component_ref idref="oc-1bf"/>
      </symbol>
      <symbol id="sm-537">
         <name>UARTIntClear</name>
         <value>0x3db3</value>
         <object_component_ref idref="oc-32a"/>
      </symbol>
      <symbol id="sm-538">
         <name>UARTIntStatus</name>
         <value>0x3d71</value>
         <object_component_ref idref="oc-324"/>
      </symbol>
      <symbol id="sm-539">
         <name>UARTCharGet</name>
         <value>0x3d53</value>
         <object_component_ref idref="oc-330"/>
      </symbol>
      <symbol id="sm-53a">
         <name>UARTFIFOLevelSet</name>
         <value>0x3da9</value>
         <object_component_ref idref="oc-1d1"/>
      </symbol>
      <symbol id="sm-53b">
         <name>UARTIntRegister</name>
         <value>0x3be9</value>
         <object_component_ref idref="oc-1dd"/>
      </symbol>
      <symbol id="sm-594">
         <name>uDMAChannelControlSet</name>
         <value>0x3b05</value>
         <object_component_ref idref="oc-1a1"/>
      </symbol>
      <symbol id="sm-595">
         <name>uDMAChannelAttributeEnable</name>
         <value>0x3871</value>
         <object_component_ref idref="oc-19b"/>
      </symbol>
      <symbol id="sm-596">
         <name>uDMAEnable</name>
         <value>0x3ca9</value>
         <object_component_ref idref="oc-183"/>
      </symbol>
      <symbol id="sm-597">
         <name>uDMAControlBaseSet</name>
         <value>0x3d3d</value>
         <object_component_ref idref="oc-189"/>
      </symbol>
      <symbol id="sm-598">
         <name>uDMAChannelAttributeDisable</name>
         <value>0x3829</value>
         <object_component_ref idref="oc-195"/>
      </symbol>
      <symbol id="sm-599">
         <name>uDMAChannelEnable</name>
         <value>0x3c01</value>
         <object_component_ref idref="oc-1a7"/>
      </symbol>
      <symbol id="sm-59a">
         <name>uDMAChannelRequest</name>
         <value>0x3c41</value>
         <object_component_ref idref="oc-1ef"/>
      </symbol>
      <symbol id="sm-5ac">
         <name>CPUcpsie</name>
         <value>0x3d0b</value>
         <object_component_ref idref="oc-26e"/>
      </symbol>
      <symbol id="sm-5ad">
         <name>CPUcpsid</name>
         <value>0x3cff</value>
         <object_component_ref idref="oc-15e"/>
      </symbol>
      <symbol id="sm-5d9">
         <name>sqrtl</name>
         <value>0x2d21</value>
         <object_component_ref idref="oc-3e0"/>
      </symbol>
      <symbol id="sm-5da">
         <name>sqrt</name>
         <value>0x2d21</value>
         <object_component_ref idref="oc-3e0"/>
      </symbol>
      <symbol id="sm-5f1">
         <name>__aeabi_dsub</name>
         <value>0x2b69</value>
         <object_component_ref idref="oc-245"/>
      </symbol>
      <symbol id="sm-5f2">
         <name>__aeabi_dadd</name>
         <value>0x2b73</value>
         <object_component_ref idref="oc-245"/>
      </symbol>
      <symbol id="sm-614">
         <name>__aeabi_cdcmpeq</name>
         <value>0x3385</value>
         <object_component_ref idref="oc-240"/>
      </symbol>
      <symbol id="sm-615">
         <name>__aeabi_cdcmple</name>
         <value>0x3385</value>
         <object_component_ref idref="oc-240"/>
      </symbol>
      <symbol id="sm-616">
         <name>__aeabi_cdrcmple</name>
         <value>0x340b</value>
         <object_component_ref idref="oc-25e"/>
      </symbol>
      <symbol id="sm-62a">
         <name>__aeabi_ddiv</name>
         <value>0x2e79</value>
         <object_component_ref idref="oc-23b"/>
      </symbol>
      <symbol id="sm-635">
         <name>__aeabi_dmul</name>
         <value>0x31ed</value>
         <object_component_ref idref="oc-263"/>
      </symbol>
      <symbol id="sm-63f">
         <name>__aeabi_d2iz</name>
         <value>0x37e1</value>
         <object_component_ref idref="oc-268"/>
      </symbol>
      <symbol id="sm-649">
         <name>__aeabi_i2d</name>
         <value>0x3a87</value>
         <object_component_ref idref="oc-236"/>
      </symbol>
      <symbol id="sm-65b">
         <name>__TI_zero_init</name>
         <value>0x3d23</value>
         <object_component_ref idref="oc-4a"/>
      </symbol>
      <symbol id="sm-672">
         <name>__TI_decompress_none</name>
         <value>0x3cf1</value>
         <object_component_ref idref="oc-18"/>
      </symbol>
      <symbol id="sm-695">
         <name>__TI_decompress_lzss</name>
         <value>0x35ed</value>
         <object_component_ref idref="oc-12"/>
      </symbol>
      <symbol id="sm-6a3">
         <name>strlen</name>
         <value>0x3c2d</value>
         <object_component_ref idref="oc-223"/>
      </symbol>
      <symbol id="sm-6b6">
         <name>__stack</name>
         <value>0x20000270</value>
         <object_component_ref idref="oc-21"/>
      </symbol>
      <symbol id="sm-6b7">
         <name>_c_int00_noargs</name>
         <value>0x3a25</value>
         <object_component_ref idref="oc-56"/>
      </symbol>
      <symbol id="sm-6cd">
         <name>__aeabi_errno_addr</name>
         <value>0x3d95</value>
         <object_component_ref idref="oc-416"/>
      </symbol>
      <symbol id="sm-6ce">
         <name>errno</name>
         <value>0x2000e49c</value>
         <object_component_ref idref="oc-423"/>
      </symbol>
      <symbol id="sm-6e9">
         <name>memcpy</name>
         <value>0x32e9</value>
         <object_component_ref idref="oc-38"/>
      </symbol>
      <symbol id="sm-6ea">
         <name>__aeabi_memcpy</name>
         <value>0x32e9</value>
         <object_component_ref idref="oc-38"/>
      </symbol>
      <symbol id="sm-6eb">
         <name>__aeabi_memcpy8</name>
         <value>0x32e9</value>
         <object_component_ref idref="oc-38"/>
      </symbol>
      <symbol id="sm-6ec">
         <name>__aeabi_memcpy4</name>
         <value>0x32e9</value>
         <object_component_ref idref="oc-38"/>
      </symbol>
      <symbol id="sm-6fb">
         <name>__aeabi_memset</name>
         <value>0x350d</value>
         <object_component_ref idref="oc-8c"/>
      </symbol>
      <symbol id="sm-6fc">
         <name>memset</name>
         <value>0x3513</value>
         <object_component_ref idref="oc-8c"/>
      </symbol>
      <symbol id="sm-6fd">
         <name>__aeabi_memset8</name>
         <value>0x350d</value>
         <object_component_ref idref="oc-8c"/>
      </symbol>
      <symbol id="sm-6fe">
         <name>__aeabi_memset4</name>
         <value>0x350d</value>
         <object_component_ref idref="oc-8c"/>
      </symbol>
      <symbol id="sm-6ff">
         <name>__aeabi_memclr8</name>
         <value>0x350b</value>
         <object_component_ref idref="oc-8c"/>
      </symbol>
      <symbol id="sm-700">
         <name>__aeabi_memclr4</name>
         <value>0x350b</value>
         <object_component_ref idref="oc-8c"/>
      </symbol>
      <symbol id="sm-701">
         <name>__aeabi_memclr</name>
         <value>0x350b</value>
         <object_component_ref idref="oc-8c"/>
      </symbol>
      <symbol id="sm-729">
         <name>__TI_auto_init_nobinit_nopinit</name>
         <value>0x3901</value>
         <object_component_ref idref="oc-10e"/>
      </symbol>
      <symbol id="sm-733">
         <name>_system_pre_init</name>
         <value>0x3db7</value>
         <object_component_ref idref="oc-92"/>
      </symbol>
      <symbol id="sm-73f">
         <name>C$$EXIT</name>
         <value>0x3dbb</value>
         <object_component_ref idref="oc-102"/>
      </symbol>
      <symbol id="sm-740">
         <name>abort</name>
         <value>0x3dbb</value>
         <object_component_ref idref="oc-102"/>
      </symbol>
      <symbol id="sm-743">
         <name>__TI_static_base__</name>
         <value>0x0</value>
      </symbol>
      <symbol id="sm-746">
         <name>__mpu_init</name>
         <value>0x0</value>
      </symbol>
      <symbol id="sm-747">
         <name>_system_post_cinit</name>
         <value>0x0</value>
      </symbol>
   </symbol_table>
   <title>Link successful</title>
</link_info>
