******************************************************************************
                  TI ARM Linker PC v18.12.4                    
******************************************************************************
>> Linked Thu Mar 12 11:48:26 2020

OUTPUT FILE NAME:   <bc_magnet_sensor_06_2020-02-18.out>
ENTRY POINT SYMBOL: "_c_int00_noargs"  address: 00003a25


MEMORY CONFIGURATION

         name            origin    length      used     unused   attr    fill
----------------------  --------  ---------  --------  --------  ----  --------
  FLASH                 00000000   00100000  00006342  000f9cbe  R  X
  SRAM                  20000000   00040000  0000e49e  00031b62  RW X


SEGMENT ALLOCATION MAP

run origin  load origin   length   init length attrs members
----------  ----------- ---------- ----------- ----- -------
00000000    00000000    00006348   00006348    r-x
  00000000    00000000    00000208   00000208    r-- .intvecs
  00000208    00000208    00003bb6   00003bb6    r-x .text
  00003dc0    00003dc0    00002544   00002544    r-- .const
  00006308    00006308    00000040   00000040    r-- .cinit
20000000    20000000    0000e4a2   00000000    rw-
  20000000    20000000    0000026c   00000000    rw- .vtable
  20000270    20000270    0000d6d8   00000000    rw- .stack
  2000d948    2000d948    00000b4c   00000000    rw- .bss
  2000e494    2000e494    0000000e   00000000    rw- .data


SECTION ALLOCATION MAP

 output                                  attributes/
section   page    origin      length       input sections
--------  ----  ----------  ----------   ----------------
.intvecs   0    00000000    00000208     
                  00000000    00000208     tm4c1294ncpdt_startup_ccs.obj (.intvecs)

.text      0    00000208    00003bb6     
                  00000208    000017b4     lcd_functions.obj (.text)
                  000019bc    00000808     configuration.obj (.text)
                  000021c4    000005ec     functions.obj (.text)
                  000027b0    00000200     driverlib.lib : sysctl.obj (.text:SysCtlClockFreqSet)
                  000029b0    000001b8     Interrupt_handler.obj (.text)
                  00002b68    000001b6     rtsv7M4_T_le_v4SPD16_eabi.lib : fd_add_t2.asm.obj (.text)
                  00002d1e    00000002     --HOLE-- [fill = 0]
                  00002d20    00000158                                   : e_sqrt.c.obj (.text:sqrt)
                  00002e78    00000136                                   : fd_div_t2.asm.obj (.text)
                  00002fae    00000132     driverlib.lib : gpio.obj (.text:GPIOPadConfigSet)
                  000030e0    0000010c     main_06.obj (.text)
                  000031ec    000000fc     rtsv7M4_T_le_v4SPD16_eabi.lib : fd_mul_t2.asm.obj (.text)
                  000032e8    0000009c                                   : memcpy_t2.asm.obj (.text)
                  00003384    00000086                                   : fd_cmp_t2.asm.obj (.text:__aeabi_cdcmple)
                  0000340a    00000086                                   : fd_cmp_t2.asm.obj (.text:__aeabi_cdrcmple)
                  00003490    0000007a     driverlib.lib : adc.obj (.text:ADCSequenceStepConfigure)
                  0000350a    0000007a     rtsv7M4_T_le_v4SPD16_eabi.lib : memset_t2.asm.obj (.text)
                  00003584    00000068     driverlib.lib : interrupt.obj (.text:IntEnable)
                  000035ec    00000068     rtsv7M4_T_le_v4SPD16_eabi.lib : copy_decompress_lzss.c.obj (.text:decompress:lzss:__TI_decompress_lzss)
                  00003654    00000060     driverlib.lib : timer.obj (.text:TimerConfigure)
                  000036b4    00000050                   : adc.obj (.text:ADCSequenceConfigure)
                  00003704    0000004c                   : timer.obj (.text:_TimerIntNumberGet)
                  00003750    00000048                   : gpio.obj (.text:GPIOPinConfigure)
                  00003798    00000048                   : sysctl.obj (.text:_SysCtlFrequencyGet)
                  000037e0    00000048     rtsv7M4_T_le_v4SPD16_eabi.lib : fd_toi_t2.asm.obj (.text)
                  00003828    00000048     driverlib.lib : udma.obj (.text:uDMAChannelAttributeDisable)
                  00003870    00000048                   : udma.obj (.text:uDMAChannelAttributeEnable)
                  000038b8    00000046                   : uart.obj (.text:UARTConfigSetExpClk)
                  000038fe    00000002     --HOLE-- [fill = 0]
                  00003900    00000044     rtsv7M4_T_le_v4SPD16_eabi.lib : autoinit.c.obj (.text:__TI_auto_init_nobinit_nopinit:__TI_auto_init_nobinit_nopinit)
                  00003944    00000040     driverlib.lib : uart.obj (.text:_UARTIntNumberGet)
                  00003984    00000038                   : sysctl.obj (.text:SysCtlPeripheralReady)
                  000039bc    00000034                   : interrupt.obj (.text:IntRegister)
                  000039f0    00000034                   : sysctl.obj (.text:SysCtlPeripheralEnable)
                  00003a24    00000034     rtsv7M4_T_le_v4SPD16_eabi.lib : boot_cortex_m.c.obj (.text:_c_int00_noargs:_c_int00_noargs)
                  00003a58    0000002e     driverlib.lib : adc.obj (.text:ADCIntStatus)
                  00003a86    0000002e     rtsv7M4_T_le_v4SPD16_eabi.lib : i_tofd_t2.asm.obj (.text)
                  00003ab4    0000002a     driverlib.lib : gpio.obj (.text:GPIODirModeSet)
                  00003ade    00000002     --HOLE-- [fill = 0]
                  00003ae0    00000024                   : interrupt.obj (.text:IntPrioritySet)
                  00003b04    00000024                   : udma.obj (.text:uDMAChannelControlSet)
                  00003b28    00000020                   : uart.obj (.text:UARTDisable)
                  00003b48    00000020                   : sysctl.obj (.text:_SysCtlMemTimingGet)
                  00003b68    0000001e                   : adc.obj (.text:ADCSequenceDataGet)
                  00003b86    00000018                   : adc.obj (.text:ADCProcessorTrigger)
                  00003b9e    00000018                   : gpio.obj (.text:GPIOPinTypeGPIOOutput)
                  00003bb6    00000002     --HOLE-- [fill = 0]
                  00003bb8    00000018                   : timer.obj (.text:TimerDisable)
                  00003bd0    00000018                   : timer.obj (.text:TimerIntRegister)
                  00003be8    00000018                   : uart.obj (.text:UARTIntRegister)
                  00003c00    00000018                   : udma.obj (.text:uDMAChannelEnable)
                  00003c18    00000014                   : uart.obj (.text:UARTEnable)
                  00003c2c    00000014     rtsv7M4_T_le_v4SPD16_eabi.lib : strlen.c.obj (.text:strlen)
                  00003c40    00000014     driverlib.lib : udma.obj (.text:uDMAChannelRequest)
                  00003c54    00000012                   : gpio.obj (.text:GPIOPinTypeUART)
                  00003c66    00000012                   : timer.obj (.text:TimerLoadSet)
                  00003c78    00000010                   : adc.obj (.text:ADCSequenceDMAEnable)
                  00003c88    00000010                   : interrupt.obj (.text:IntMasterDisable)
                  00003c98    00000010                   : interrupt.obj (.text:IntMasterEnable)
                  00003ca8    00000010                   : udma.obj (.text:uDMAEnable)
                  00003cb8    0000000e                   : adc.obj (.text:ADCSequenceEnable)
                  00003cc6    0000000e                   : timer.obj (.text:TimerEnable)
                  00003cd4    0000000e                   : uart.obj (.text:UARTCharPutNonBlocking)
                  00003ce2    0000000e                   : uart.obj (.text:UARTCharsAvail)
                  00003cf0    0000000e     rtsv7M4_T_le_v4SPD16_eabi.lib : copy_decompress_none.c.obj (.text:decompress:none:__TI_decompress_none)
                  00003cfe    0000000c     driverlib.lib : cpu.obj (.text:CPUcpsid)
                  00003d0a    0000000c                   : cpu.obj (.text:CPUcpsie)
                  00003d16    0000000c                   : uart.obj (.text:UARTTxIntModeSet)
                  00003d22    0000000c     rtsv7M4_T_le_v4SPD16_eabi.lib : copy_zero_init.c.obj (.text:decompress:ZI:__TI_zero_init)
                  00003d2e    0000000c     tm4c1294ncpdt_startup_ccs.obj (.text)
                  00003d3a    00000002     --HOLE-- [fill = 0]
                  00003d3c    0000000c     driverlib.lib : udma.obj (.text:uDMAControlBaseSet)
                  00003d48    0000000a                   : adc.obj (.text:ADCIntClear)
                  00003d52    0000000a                   : uart.obj (.text:UARTCharGet)
                  00003d5c    0000000a                   : uart.obj (.text:UARTFIFODisable)
                  00003d66    0000000a                   : uart.obj (.text:UARTFIFOEnable)
                  00003d70    0000000a                   : uart.obj (.text:UARTIntStatus)
                  00003d7a    00000008                   : timer.obj (.text:TimerIntEnable)
                  00003d82    00000008                   : uart.obj (.text:UARTDMAEnable)
                  00003d8a    00000008                   : uart.obj (.text:UARTIntEnable)
                  00003d92    00000002     --HOLE-- [fill = 0]
                  00003d94    00000008     rtsv7M4_T_le_v4SPD16_eabi.lib : errno.c.obj (.text:__aeabi_errno_addr)
                  00003d9c    00000006     driverlib.lib : gpio.obj (.text:GPIOPinWrite)
                  00003da2    00000006                   : sysctl.obj (.text:SysCtlDelay)
                  00003da8    00000006                   : uart.obj (.text:UARTFIFOLevelSet)
                  00003dae    00000004                   : timer.obj (.text:TimerIntClear)
                  00003db2    00000004                   : uart.obj (.text:UARTIntClear)
                  00003db6    00000004     rtsv7M4_T_le_v4SPD16_eabi.lib : pre_init.c.obj (.text:_system_pre_init)
                  00003dba    00000004                                   : exit.c.obj (.text:abort:abort)

.const     0    00003dc0    00002544     
                  00003dc0    00002000     lcd_functions.obj (.const:font_12_16)
                  00005dc0    000001b0     driverlib.lib : sysctl.obj (.const:g_pppui32XTALtoVCO)
                  00005f70    0000009c                   : interrupt.obj (.const:g_pui32Regs)
                  0000600c    00000090                   : gpio.obj (.const:g_pui32GPIOBaseAddrs)
                  0000609c    00000070                   : interrupt.obj (.const)
                  0000610c    0000006c                   : sysctl.obj (.const:g_pui32Xtals)
                  00006178    00000060                   : timer.obj (.const:g_ppui32TimerIntMap)
                  000061d8    00000040                   : timer.obj (.const:g_ppui32TimerIntMapSnowflake)
                  00006218    00000040                   : uart.obj (.const:g_ppui32UARTIntMap)
                  00006258    00000040                   : uart.obj (.const:g_ppui32UARTIntMapSnowflake)
                  00006298    00000030                   : sysctl.obj (.const:g_sXTALtoMEMTIM)
                  000062c8    00000008                   : sysctl.obj (.const)
                  000062d0    00000004     main_06.obj (.const:$P$T10$3)
                  000062d4    00000004     lcd_functions.obj (.const:$P$T10$4)
                  000062d8    00000004     main_06.obj (.const:$P$T11$4)
                  000062dc    00000004     lcd_functions.obj (.const:$P$T11$5)
                  000062e0    00000004     main_06.obj (.const:$P$T12$5)
                  000062e4    00000004     lcd_functions.obj (.const:$P$T12$6)
                  000062e8    00000004     main_06.obj (.const:$P$T13$6)
                  000062ec    00000004     main_06.obj (.const:$P$T14$7)
                  000062f0    00000004     lcd_functions.obj (.const:$P$T3$1)
                  000062f4    00000004     lcd_functions.obj (.const:$P$T4$2)
                  000062f8    00000004     lcd_functions.obj (.const:$P$T6$3)
                  000062fc    00000004     main_06.obj (.const:$P$T8$1)
                  00006300    00000004     main_06.obj (.const:$P$T9$2)

.cinit     0    00006308    00000040     
                  00006308    0000000c     (__TI_handler_table)
                  00006314    00000004     --HOLE-- [fill = 0]
                  00006318    00000008     (.cinit..bss.load) [load image, compression = zero_init]
                  00006320    00000008     (.cinit..vtable.load) [load image, compression = zero_init]
                  00006328    00000007     (.cinit..data.load) [load image, compression = lzss]
                  0000632f    00000001     --HOLE-- [fill = 0]
                  00006330    00000018     (__TI_cinit_table)

.init_array 
*          0    00000000    00000000     UNINITIALIZED

.vtable    0    20000000    0000026c     UNINITIALIZED
                  20000000    0000026c     driverlib.lib : interrupt.obj (.vtable)

.bss       0    2000d948    00000b4c     UNINITIALIZED
                  2000d948    00000400     (.common:puiDMAcontroltable)
                  2000dd48    00000100     (.common:CosResults)
                  2000de48    00000100     (.common:SinResults)
                  2000df48    00000080     (.common:CosOffset)
                  2000dfc8    00000080     (.common:DiffCosResults)
                  2000e048    00000080     (.common:DiffSinResults)
                  2000e0c8    00000080     (.common:SinOffset)
                  2000e148    00000080     (.common:negCosResults)
                  2000e1c8    00000080     (.common:negSinResults)
                  2000e248    00000080     (.common:oldDiffCosResults)
                  2000e2c8    00000080     (.common:oldDiffSinResults)
                  2000e348    00000080     (.common:posCosResults)
                  2000e3c8    00000080     (.common:posSinResults)
                  2000e448    00000020     (.common:ADCValues_SS0)
                  2000e468    00000010     (.common:ADCValues_SS1)
                  2000e478    00000010     (.common:ADCValues_SS2)
                  2000e488    00000004     (.common:SysClock)
                  2000e48c    00000004     (.common:ttable)
                  2000e490    00000004     (.common:ucPtr)

.data      0    2000e494    0000000e     UNINITIALIZED
                  2000e494    00000008     Interrupt_handler.obj (.data)
                  2000e49c    00000004     rtsv7M4_T_le_v4SPD16_eabi.lib : errno.c.obj (.data)
                  2000e4a0    00000002     lcd_functions.obj (.data)

.stack     0    20000270    0000d6d8     UNINITIALIZED
                  20000270    00000004     rtsv7M4_T_le_v4SPD16_eabi.lib : boot_cortex_m.c.obj (.stack)
                  20000274    0000d6d4     --HOLE--

MODULE SUMMARY

       Module                          code    ro data   rw data
       ------                          ----    -------   -------
    .\
       lcd_functions.obj               6068    8216      258    
       functions.obj                   1516    0         1600   
       configuration.obj               2056    0         1024   
       tm4c1294ncpdt_startup_ccs.obj   12      520       0      
       Interrupt_handler.obj           440     0         12     
       main_06.obj                     268     28        8      
    +--+-------------------------------+-------+---------+---------+
       Total:                          10360   8764      2902   
                                                                
    C:/ti/TivaWare_C_Series-2.1.4.178/driverlib/ccs/Debug/driverlib.lib
       sysctl.obj                      730     596       0      
       interrupt.obj                   224     268       620    
       gpio.obj                        468     144       0      
       uart.obj                        316     128       0      
       timer.obj                       264     160       0      
       adc.obj                         342     0         0      
       udma.obj                        252     0         0      
       cpu.obj                         24      0         0      
    +--+-------------------------------+-------+---------+---------+
       Total:                          2620    1296      620    
                                                                
    C:\ti\ccs930\ccs\tools\compiler\ti-cgt-arm_18.12.4.LTS\lib\rtsv7M4_T_le_v4SPD16_eabi.lib
       fd_add_t2.asm.obj               438     0         0      
       e_sqrt.c.obj                    344     0         0      
       fd_div_t2.asm.obj               310     0         0      
       fd_cmp_t2.asm.obj               268     0         0      
       fd_mul_t2.asm.obj               252     0         0      
       memcpy_t2.asm.obj               156     0         0      
       memset_t2.asm.obj               122     0         0      
       copy_decompress_lzss.c.obj      104     0         0      
       fd_toi_t2.asm.obj               72      0         0      
       autoinit.c.obj                  68      0         0      
       boot_cortex_m.c.obj             52      0         0      
       i_tofd_t2.asm.obj               46      0         0      
       strlen.c.obj                    20      0         0      
       copy_decompress_none.c.obj      14      0         0      
       copy_zero_init.c.obj            12      0         0      
       errno.c.obj                     8       0         4      
       exit.c.obj                      4       0         0      
       pre_init.c.obj                  4       0         0      
    +--+-------------------------------+-------+---------+---------+
       Total:                          2294    0         4      
                                                                
       Stack:                          0       0         55000  
       Linker Generated:               0       59        0      
    +--+-------------------------------+-------+---------+---------+
       Grand Total:                    15274   10119     58526  


LINKER GENERATED COPY TABLES

__TI_cinit_table @ 00006330 records: 3, size/record: 8, table size: 24
	.bss: load addr=00006318, load size=00000008 bytes, run addr=2000d948, run size=00000b4c bytes, compression=zero_init
	.vtable: load addr=00006320, load size=00000008 bytes, run addr=20000000, run size=0000026c bytes, compression=zero_init
	.data: load addr=00006328, load size=00000007 bytes, run addr=2000e494, run size=0000000e bytes, compression=lzss


LINKER GENERATED HANDLER TABLE

__TI_handler_table @ 00006308 records: 3, size/record: 4, table size: 12
	index: 0, handler: __TI_zero_init
	index: 1, handler: __TI_decompress_lzss
	index: 2, handler: __TI_decompress_none


GLOBAL SYMBOLS: SORTED ALPHABETICALLY BY Name 

address   name                          
-------   ----                          
00003d49  ADCIntClear                   
00003a59  ADCIntStatus                  
00003b87  ADCProcessorTrigger           
000036b5  ADCSequenceConfigure          
00003c79  ADCSequenceDMAEnable          
00003b69  ADCSequenceDataGet            
00003cb9  ADCSequenceEnable             
00003491  ADCSequenceStepConfigure      
2000e448  ADCValues_SS0                 
2000e468  ADCValues_SS1                 
2000e478  ADCValues_SS2                 
00003dbb  C$$EXIT                       
00003cff  CPUcpsid                      
00003d0b  CPUcpsie                      
00002521  Computations                  
000019e1  ConfigureADC                  
00001c75  ConfigureGPIO                 
00001da1  ConfigureLCD                  
00002001  ConfigureLCD7Inch             
00001cd9  ConfigureTimer0               
00001d25  ConfigureTimer2               
00001b7d  ConfigureUART                 
00001c39  ConfigureUDMA                 
2000df48  CosOffset                     
2000dd48  CosResults                    
2000dfc8  DiffCosResults                
2000e048  DiffSinResults                
00003ab5  GPIODirModeSet                
00002faf  GPIOPadConfigSet              
00003751  GPIOPinConfigure              
00003b9f  GPIOPinTypeGPIOOutput         
00003c55  GPIOPinTypeUART               
00003d9d  GPIOPinWrite                  
00002427  GetADCValues                  
00003585  IntEnable                     
00003c89  IntMasterDisable              
00003c99  IntMasterEnable               
00003ae1  IntPrioritySet                
000039bd  IntRegister                   
000021d7  ReadArray                     
00003d2f  ResetISR                      
000021c5  SetUpTime                     
2000e0c8  SinOffset                     
2000de48  SinResults                    
2000e488  SysClock                      
000027b1  SysCtlClockFreqSet            
00003da3  SysCtlDelay                   
000039f1  SysCtlPeripheralEnable        
00003985  SysCtlPeripheralReady         
0000045d  TFT_Set_Index_Ptr             
0000049d  TFT_Write_Command_Ptr         
000029b1  Timer0IntHandler              
00002b3d  Timer2IntHandler              
00003655  TimerConfigure                
00003bb9  TimerDisable                  
00003cc7  TimerEnable                   
00003daf  TimerIntClear                 
00003d7b  TimerIntEnable                
00003bd1  TimerIntRegister              
00003c67  TimerLoadSet                  
00003d53  UARTCharGet                   
00003cd5  UARTCharPutNonBlocking        
00003ce3  UARTCharsAvail                
000038b9  UARTConfigSetExpClk           
00003d83  UARTDMAEnable                 
00003b29  UARTDisable                   
00003c19  UARTEnable                    
00003d5d  UARTFIFODisable               
00003d67  UARTFIFOEnable                
00003da9  UARTFIFOLevelSet              
00003db3  UARTIntClear                  
00003d8b  UARTIntEnable                 
00002a39  UARTIntHandler                
00003be9  UARTIntRegister               
00003d71  UARTIntStatus                 
00003d17  UARTTxIntModeSet              
2000d948  __STACK_END                   
0000d6d8  __STACK_SIZE                  
20000470  __STACK_TOP                   
00006330  __TI_CINIT_Base               
00006348  __TI_CINIT_Limit              
00006308  __TI_Handler_Table_Base       
00006314  __TI_Handler_Table_Limit      
00003901  __TI_auto_init_nobinit_nopinit
000035ed  __TI_decompress_lzss          
00003cf1  __TI_decompress_none          
ffffffff  __TI_pprof_out_hndl           
ffffffff  __TI_prof_data_size           
ffffffff  __TI_prof_data_start          
00000000  __TI_static_base__            
00003d23  __TI_zero_init                
00003385  __aeabi_cdcmpeq               
00003385  __aeabi_cdcmple               
0000340b  __aeabi_cdrcmple              
000037e1  __aeabi_d2iz                  
00002b73  __aeabi_dadd                  
00002e79  __aeabi_ddiv                  
000031ed  __aeabi_dmul                  
00002b69  __aeabi_dsub                  
00003d95  __aeabi_errno_addr            
00003a87  __aeabi_i2d                   
0000350b  __aeabi_memclr                
0000350b  __aeabi_memclr4               
0000350b  __aeabi_memclr8               
000032e9  __aeabi_memcpy                
000032e9  __aeabi_memcpy4               
000032e9  __aeabi_memcpy8               
0000350d  __aeabi_memset                
0000350d  __aeabi_memset4               
0000350d  __aeabi_memset8               
ffffffff  __binit__                     
ffffffff  __c_args__                    
UNDEFED   __mpu_init                    
20000270  __stack                       
00003a25  _c_int00_noargs               
UNDEFED   _system_post_cinit            
00003db7  _system_pre_init              
00003dbb  abort                         
ffffffff  binit                         
000005a1  darstellung_display           
00001301  draw_display                  
2000e49c  errno                         
00003dc0  font_12_16                    
20000000  g_pfnRAMVectors               
00000000  g_pfnVectors                  
000005c1  lcd_write_table               
2000e494  m                             
000030e1  main                          
000032e9  memcpy                        
00003513  memset                        
2000e498  n                             
2000e148  negCosResults                 
2000e1c8  negSinResults                 
2000e4a0  offset                        
2000e248  oldDiffCosResults             
2000e2c8  oldDiffSinResults             
2000e348  posCosResults                 
2000e3c8  posSinResults                 
000002fd  print_string                  
2000d948  puiDMAcontroltable            
00000209  screen_show_nr                
00000239  screen_write_nr               
00002d21  sqrt                          
00002d21  sqrtl                         
00003c2d  strlen                        
2000e48c  ttable                        
00003829  uDMAChannelAttributeDisable   
00003871  uDMAChannelAttributeEnable    
00003b05  uDMAChannelControlSet         
00003c01  uDMAChannelEnable             
00003c41  uDMAChannelRequest            
00003d3d  uDMAControlBaseSet            
00003ca9  uDMAEnable                    
2000e490  ucPtr                         
000019bd  wait                          
00000253  write_char                    
0000047d  write_cmd_data                
0000043d  write_command                 
000004bd  write_data                    
00000699  write_line                    
00000bb9  write_line_0_degree           
00000c61  write_line_180_degree         
00000cb5  write_line_270_degree         
00000c0d  write_line_90_degree          
00001541  write_line_normal             
00000d09  write_line_quadrant_1_I       
00000dc3  write_line_quadrant_1_II      
00000e7d  write_line_quadrant_2_I       
00000f37  write_line_quadrant_2_II      
00000ff1  write_line_quadrant_3_I       
000010c1  write_line_quadrant_3_II      
0000117b  write_line_quadrant_4_I       
00001235  write_line_quadrant_4_II      
00000503  write_position                
000003c9  write_screen_color            


GLOBAL SYMBOLS: SORTED BY Symbol Address 

address   name                          
-------   ----                          
00000000  __TI_static_base__            
00000000  g_pfnVectors                  
00000209  screen_show_nr                
00000239  screen_write_nr               
00000253  write_char                    
000002fd  print_string                  
000003c9  write_screen_color            
0000043d  write_command                 
0000045d  TFT_Set_Index_Ptr             
0000047d  write_cmd_data                
0000049d  TFT_Write_Command_Ptr         
000004bd  write_data                    
00000503  write_position                
000005a1  darstellung_display           
000005c1  lcd_write_table               
00000699  write_line                    
00000bb9  write_line_0_degree           
00000c0d  write_line_90_degree          
00000c61  write_line_180_degree         
00000cb5  write_line_270_degree         
00000d09  write_line_quadrant_1_I       
00000dc3  write_line_quadrant_1_II      
00000e7d  write_line_quadrant_2_I       
00000f37  write_line_quadrant_2_II      
00000ff1  write_line_quadrant_3_I       
000010c1  write_line_quadrant_3_II      
0000117b  write_line_quadrant_4_I       
00001235  write_line_quadrant_4_II      
00001301  draw_display                  
00001541  write_line_normal             
000019bd  wait                          
000019e1  ConfigureADC                  
00001b7d  ConfigureUART                 
00001c39  ConfigureUDMA                 
00001c75  ConfigureGPIO                 
00001cd9  ConfigureTimer0               
00001d25  ConfigureTimer2               
00001da1  ConfigureLCD                  
00002001  ConfigureLCD7Inch             
000021c5  SetUpTime                     
000021d7  ReadArray                     
00002427  GetADCValues                  
00002521  Computations                  
000027b1  SysCtlClockFreqSet            
000029b1  Timer0IntHandler              
00002a39  UARTIntHandler                
00002b3d  Timer2IntHandler              
00002b69  __aeabi_dsub                  
00002b73  __aeabi_dadd                  
00002d21  sqrt                          
00002d21  sqrtl                         
00002e79  __aeabi_ddiv                  
00002faf  GPIOPadConfigSet              
000030e1  main                          
000031ed  __aeabi_dmul                  
000032e9  __aeabi_memcpy                
000032e9  __aeabi_memcpy4               
000032e9  __aeabi_memcpy8               
000032e9  memcpy                        
00003385  __aeabi_cdcmpeq               
00003385  __aeabi_cdcmple               
0000340b  __aeabi_cdrcmple              
00003491  ADCSequenceStepConfigure      
0000350b  __aeabi_memclr                
0000350b  __aeabi_memclr4               
0000350b  __aeabi_memclr8               
0000350d  __aeabi_memset                
0000350d  __aeabi_memset4               
0000350d  __aeabi_memset8               
00003513  memset                        
00003585  IntEnable                     
000035ed  __TI_decompress_lzss          
00003655  TimerConfigure                
000036b5  ADCSequenceConfigure          
00003751  GPIOPinConfigure              
000037e1  __aeabi_d2iz                  
00003829  uDMAChannelAttributeDisable   
00003871  uDMAChannelAttributeEnable    
000038b9  UARTConfigSetExpClk           
00003901  __TI_auto_init_nobinit_nopinit
00003985  SysCtlPeripheralReady         
000039bd  IntRegister                   
000039f1  SysCtlPeripheralEnable        
00003a25  _c_int00_noargs               
00003a59  ADCIntStatus                  
00003a87  __aeabi_i2d                   
00003ab5  GPIODirModeSet                
00003ae1  IntPrioritySet                
00003b05  uDMAChannelControlSet         
00003b29  UARTDisable                   
00003b69  ADCSequenceDataGet            
00003b87  ADCProcessorTrigger           
00003b9f  GPIOPinTypeGPIOOutput         
00003bb9  TimerDisable                  
00003bd1  TimerIntRegister              
00003be9  UARTIntRegister               
00003c01  uDMAChannelEnable             
00003c19  UARTEnable                    
00003c2d  strlen                        
00003c41  uDMAChannelRequest            
00003c55  GPIOPinTypeUART               
00003c67  TimerLoadSet                  
00003c79  ADCSequenceDMAEnable          
00003c89  IntMasterDisable              
00003c99  IntMasterEnable               
00003ca9  uDMAEnable                    
00003cb9  ADCSequenceEnable             
00003cc7  TimerEnable                   
00003cd5  UARTCharPutNonBlocking        
00003ce3  UARTCharsAvail                
00003cf1  __TI_decompress_none          
00003cff  CPUcpsid                      
00003d0b  CPUcpsie                      
00003d17  UARTTxIntModeSet              
00003d23  __TI_zero_init                
00003d2f  ResetISR                      
00003d3d  uDMAControlBaseSet            
00003d49  ADCIntClear                   
00003d53  UARTCharGet                   
00003d5d  UARTFIFODisable               
00003d67  UARTFIFOEnable                
00003d71  UARTIntStatus                 
00003d7b  TimerIntEnable                
00003d83  UARTDMAEnable                 
00003d8b  UARTIntEnable                 
00003d95  __aeabi_errno_addr            
00003d9d  GPIOPinWrite                  
00003da3  SysCtlDelay                   
00003da9  UARTFIFOLevelSet              
00003daf  TimerIntClear                 
00003db3  UARTIntClear                  
00003db7  _system_pre_init              
00003dbb  C$$EXIT                       
00003dbb  abort                         
00003dc0  font_12_16                    
00006308  __TI_Handler_Table_Base       
00006314  __TI_Handler_Table_Limit      
00006330  __TI_CINIT_Base               
00006348  __TI_CINIT_Limit              
0000d6d8  __STACK_SIZE                  
20000000  g_pfnRAMVectors               
20000270  __stack                       
20000470  __STACK_TOP                   
2000d948  __STACK_END                   
2000d948  puiDMAcontroltable            
2000dd48  CosResults                    
2000de48  SinResults                    
2000df48  CosOffset                     
2000dfc8  DiffCosResults                
2000e048  DiffSinResults                
2000e0c8  SinOffset                     
2000e148  negCosResults                 
2000e1c8  negSinResults                 
2000e248  oldDiffCosResults             
2000e2c8  oldDiffSinResults             
2000e348  posCosResults                 
2000e3c8  posSinResults                 
2000e448  ADCValues_SS0                 
2000e468  ADCValues_SS1                 
2000e478  ADCValues_SS2                 
2000e488  SysClock                      
2000e48c  ttable                        
2000e490  ucPtr                         
2000e494  m                             
2000e498  n                             
2000e49c  errno                         
2000e4a0  offset                        
ffffffff  __TI_pprof_out_hndl           
ffffffff  __TI_prof_data_size           
ffffffff  __TI_prof_data_start          
ffffffff  __binit__                     
ffffffff  __c_args__                    
ffffffff  binit                         
UNDEFED   __mpu_init                    
UNDEFED   _system_post_cinit            

[175 symbols]
